[Licensed under the CC BY-NC-SA 4.0](https://creativecommons.org/licenses/by-nc-sa/4.0/deed.zh)

文档不定时更新，如有疑问请及时联系本文作者，当前文档版本1.0.0

~~~
[root@prometheus ~]# mdadm --create /dev/md0 --level=6 --raid-devices=4 /dev/sd[bcde]
mdadm: /dev/sdb appears to be part of a raid array:
       level=raid10 devices=4 ctime=Tue Sep 29 17:56:12 2020
mdadm: partition table exists on /dev/sdb but will be lost or
       meaningless after creating array
mdadm: /dev/sdc appears to be part of a raid array:
       level=raid10 devices=4 ctime=Tue Sep 29 17:56:12 2020
mdadm: partition table exists on /dev/sdc but will be lost or
       meaningless after creating array
mdadm: /dev/sdd appears to be part of a raid array:
       level=raid10 devices=4 ctime=Tue Sep 29 17:56:12 2020
mdadm: partition table exists on /dev/sdd but will be lost or
       meaningless after creating array
mdadm: /dev/sde appears to be part of a raid array:
       level=raid10 devices=4 ctime=Tue Sep 29 17:56:12 2020
mdadm: partition table exists on /dev/sde but will be lost or
       meaningless after creating array
Continue creating array? y
mdadm: Defaulting to version 1.2 metadata
mdadm: array /dev/md0 started.
[root@prometheus ~]# 
[root@prometheus ~]# mdadm --detail /dev/md0 
/dev/md0:
           Version : 1.2
     Creation Time : Tue Sep 29 18:14:23 2020
        Raid Level : raid6
        Array Size : 20953088 (19.98 GiB 21.46 GB)
     Used Dev Size : 10476544 (9.99 GiB 10.73 GB)
      Raid Devices : 4
     Total Devices : 4
       Persistence : Superblock is persistent

       Update Time : Tue Sep 29 18:14:23 2020
             State : clean, resyncing 
    Active Devices : 4
   Working Devices : 4
    Failed Devices : 0
     Spare Devices : 0

            Layout : left-symmetric
        Chunk Size : 512K

Consistency Policy : resync

     Resync Status : 4% complete

              Name : prometheus:0  (local to host prometheus)
              UUID : 4b11c810:9fffdca9:88f75b84:41239081
            Events : 0

    Number   Major   Minor   RaidDevice State
       0       8       16        0      active sync   /dev/sdb
       1       8       32        1      active sync   /dev/sdc
       2       8       48        2      active sync   /dev/sdd
       3       8       64        3      active sync   /dev/sde
[root@prometheus ~]#
[root@prometheus ~]# mdadm --detail /dev/md0 
/dev/md0:
           Version : 1.2
     Creation Time : Tue Sep 29 18:14:23 2020
        Raid Level : raid6
        Array Size : 20953088 (19.98 GiB 21.46 GB)
     Used Dev Size : 10476544 (9.99 GiB 10.73 GB)
      Raid Devices : 4
     Total Devices : 4
       Persistence : Superblock is persistent

       Update Time : Tue Sep 29 18:19:06 2020
             State : clean 
    Active Devices : 4
   Working Devices : 4
    Failed Devices : 0
     Spare Devices : 0

            Layout : left-symmetric
        Chunk Size : 512K

Consistency Policy : resync

              Name : prometheus:0  (local to host prometheus)
              UUID : 4b11c810:9fffdca9:88f75b84:41239081
            Events : 17

    Number   Major   Minor   RaidDevice State
       0       8       16        0      active sync   /dev/sdb
       1       8       32        1      active sync   /dev/sdc
       2       8       48        2      active sync   /dev/sdd
       3       8       64        3      active sync   /dev/sde
[root@prometheus ~]#
~~~

