[Licensed under the CC BY-NC-SA 4.0](https://creativecommons.org/licenses/by-nc-sa/4.0/deed.zh)

文档不定时更新，如有疑问请及时联系本文作者，当前文档版本1.0.0

~~~
[root@prometheus ~]# lsblk
NAME            MAJ:MIN RM  SIZE RO TYPE MOUNTPOINT
sda               8:0    0   10G  0 disk 
├─sda1            8:1    0    1G  0 part /boot
└─sda2            8:2    0    9G  0 part 
  ├─centos-root 253:0    0    8G  0 lvm  /
  └─centos-swap 253:1    0    1G  0 lvm  [SWAP]
sdb               8:16   0   10G  0 disk 
└─sdb1            8:17   0   10G  0 part 
sdc               8:32   0   10G  0 disk 
└─sdc1            8:33   0   10G  0 part 
sdd               8:48   0   10G  0 disk 
└─sdd1            8:49   0   10G  0 part 
sde               8:64   0   10G  0 disk 
└─sde1            8:65   0   10G  0 part 
sr0              11:0    1  4.4G  0 rom  
[root@prometheus ~]# 
[root@prometheus ~]# 
[root@prometheus ~]# mdadm --create /dev/md0 --level=0 --raid-devices=4 /dev/sd[bcde]
mdadm: /dev/sdb appears to be part of a raid array:
       level=raid1 devices=4 ctime=Tue Sep 29 16:50:51 2020
mdadm: partition table exists on /dev/sdb but will be lost or
       meaningless after creating array
mdadm: /dev/sdc appears to be part of a raid array:
       level=raid1 devices=4 ctime=Tue Sep 29 16:50:51 2020
mdadm: partition table exists on /dev/sdc but will be lost or
       meaningless after creating array
mdadm: /dev/sdd appears to be part of a raid array:
       level=raid1 devices=4 ctime=Tue Sep 29 16:50:51 2020
mdadm: partition table exists on /dev/sdd but will be lost or
       meaningless after creating array
mdadm: /dev/sde appears to be part of a raid array:
       level=raid1 devices=4 ctime=Tue Sep 29 16:50:51 2020
mdadm: partition table exists on /dev/sde but will be lost or
       meaningless after creating array
Continue creating array? y
mdadm: Defaulting to version 1.2 metadata
mdadm: array /dev/md0 started.
[root@prometheus ~]# 
[root@prometheus ~]# mdadm --detail /dev/md0 
/dev/md0:
           Version : 1.2
     Creation Time : Tue Sep 29 17:33:03 2020
        Raid Level : raid0
        Array Size : 41906176 (39.96 GiB 42.91 GB)
      Raid Devices : 4
     Total Devices : 4
       Persistence : Superblock is persistent

       Update Time : Tue Sep 29 17:33:03 2020
             State : clean 
    Active Devices : 4
   Working Devices : 4
    Failed Devices : 0
     Spare Devices : 0

        Chunk Size : 512K

Consistency Policy : none

              Name : prometheus:0  (local to host prometheus)
              UUID : aff40c75:4330f83c:e35fdaef:cd333ac2
            Events : 0

    Number   Major   Minor   RaidDevice State
       0       8       16        0      active sync   /dev/sdb
       1       8       32        1      active sync   /dev/sdc
       2       8       48        2      active sync   /dev/sdd
       3       8       64        3      active sync   /dev/sde
[root@prometheus ~]# 
[root@prometheus ~]# 
~~~

