[Licensed under the CC BY-NC-SA 4.0](https://creativecommons.org/licenses/by-nc-sa/4.0/deed.zh)

文档不定时更新，如有疑问请及时联系本文作者，当前文档版本1.0.0

~~~
[root@prometheus ~]# df -hT
Filesystem              Type      Size  Used Avail Use% Mounted on
devtmpfs                devtmpfs  908M     0  908M   0% /dev
tmpfs                   tmpfs     920M     0  920M   0% /dev/shm
tmpfs                   tmpfs     920M  8.9M  911M   1% /run
tmpfs                   tmpfs     920M     0  920M   0% /sys/fs/cgroup
/dev/mapper/centos-root xfs       8.0G  4.4G  3.7G  55% /
/dev/sda1               xfs      1014M  149M  866M  15% /boot
tmpfs                   tmpfs     184M     0  184M   0% /run/user/0
[root@prometheus ~]# fdisk -l

Disk /dev/sda: 10.7 GB, 10737418240 bytes, 20971520 sectors
Units = sectors of 1 * 512 = 512 bytes
Sector size (logical/physical): 512 bytes / 512 bytes
I/O size (minimum/optimal): 512 bytes / 512 bytes
Disk label type: dos
Disk identifier: 0x000cf947

   Device Boot      Start         End      Blocks   Id  System
/dev/sda1   *        2048     2099199     1048576   83  Linux
/dev/sda2         2099200    20971519     9436160   8e  Linux LVM

Disk /dev/sdb: 10.7 GB, 10737418240 bytes, 20971520 sectors
Units = sectors of 1 * 512 = 512 bytes
Sector size (logical/physical): 512 bytes / 512 bytes
I/O size (minimum/optimal): 512 bytes / 512 bytes


Disk /dev/sdc: 10.7 GB, 10737418240 bytes, 20971520 sectors
Units = sectors of 1 * 512 = 512 bytes
Sector size (logical/physical): 512 bytes / 512 bytes
I/O size (minimum/optimal): 512 bytes / 512 bytes


Disk /dev/sdd: 10.7 GB, 10737418240 bytes, 20971520 sectors
Units = sectors of 1 * 512 = 512 bytes
Sector size (logical/physical): 512 bytes / 512 bytes
I/O size (minimum/optimal): 512 bytes / 512 bytes


Disk /dev/sde: 10.7 GB, 10737418240 bytes, 20971520 sectors
Units = sectors of 1 * 512 = 512 bytes
Sector size (logical/physical): 512 bytes / 512 bytes
I/O size (minimum/optimal): 512 bytes / 512 bytes


Disk /dev/mapper/centos-root: 8585 MB, 8585740288 bytes, 16769024 sectors
Units = sectors of 1 * 512 = 512 bytes
Sector size (logical/physical): 512 bytes / 512 bytes
I/O size (minimum/optimal): 512 bytes / 512 bytes


Disk /dev/mapper/centos-swap: 1073 MB, 1073741824 bytes, 2097152 sectors
Units = sectors of 1 * 512 = 512 bytes
Sector size (logical/physical): 512 bytes / 512 bytes
I/O size (minimum/optimal): 512 bytes / 512 bytes

[root@prometheus ~]# lsblk
NAME            MAJ:MIN RM  SIZE RO TYPE MOUNTPOINT
sda               8:0    0   10G  0 disk 
├─sda1            8:1    0    1G  0 part /boot
└─sda2            8:2    0    9G  0 part 
  ├─centos-root 253:0    0    8G  0 lvm  /
  └─centos-swap 253:1    0    1G  0 lvm  [SWAP]
sdb               8:16   0   10G  0 disk 
sdc               8:32   0   10G  0 disk 
sdd               8:48   0   10G  0 disk 
sde               8:64   0   10G  0 disk 
sr0              11:0    1  4.4G  0 rom  
[root@prometheus ~]# 
[root@prometheus ~]# fdisk /dev/sdb
Welcome to fdisk (util-linux 2.23.2).

Changes will remain in memory only, until you decide to write them.
Be careful before using the write command.

Device does not contain a recognized partition table
Building a new DOS disklabel with disk identifier 0xe48defef.

Command (m for help): n
Partition type:
   p   primary (0 primary, 0 extended, 4 free)
   e   extended
Select (default p):                                                                     // 直接回车
Using default response p
Partition number (1-4, default 1):                                                      // 直接回车
First sector (2048-20971519, default 2048):                                             // 直接回车
Using default value 2048
Last sector, +sectors or +size{K,M,G} (2048-20971519, default 20971519):                // 直接回车
Using default value 20971519
Partition 1 of type Linux and of size 10 GiB is set

Command (m for help): t
Selected partition 1
Hex code (type L to list all codes): L

 0  Empty           24  NEC DOS         81  Minix / old Lin bf  Solaris        
 1  FAT12           27  Hidden NTFS Win 82  Linux swap / So c1  DRDOS/sec (FAT-
 2  XENIX root      39  Plan 9          83  Linux           c4  DRDOS/sec (FAT-
 3  XENIX usr       3c  PartitionMagic  84  OS/2 hidden C:  c6  DRDOS/sec (FAT-
 4  FAT16 <32M      40  Venix 80286     85  Linux extended  c7  Syrinx         
 5  Extended        41  PPC PReP Boot   86  NTFS volume set da  Non-FS data    
 6  FAT16           42  SFS             87  NTFS volume set db  CP/M / CTOS / .
 7  HPFS/NTFS/exFAT 4d  QNX4.x          88  Linux plaintext de  Dell Utility   
 8  AIX             4e  QNX4.x 2nd part 8e  Linux LVM       df  BootIt         
 9  AIX bootable    4f  QNX4.x 3rd part 93  Amoeba          e1  DOS access     
 a  OS/2 Boot Manag 50  OnTrack DM      94  Amoeba BBT      e3  DOS R/O        
 b  W95 FAT32       51  OnTrack DM6 Aux 9f  BSD/OS          e4  SpeedStor      
 c  W95 FAT32 (LBA) 52  CP/M            a0  IBM Thinkpad hi eb  BeOS fs        
 e  W95 FAT16 (LBA) 53  OnTrack DM6 Aux a5  FreeBSD         ee  GPT            
 f  W95 Ext'd (LBA) 54  OnTrackDM6      a6  OpenBSD         ef  EFI (FAT-12/16/
10  OPUS            55  EZ-Drive        a7  NeXTSTEP        f0  Linux/PA-RISC b
11  Hidden FAT12    56  Golden Bow      a8  Darwin UFS      f1  SpeedStor      
12  Compaq diagnost 5c  Priam Edisk     a9  NetBSD          f4  SpeedStor      
14  Hidden FAT16 <3 61  SpeedStor       ab  Darwin boot     f2  DOS secondary  
16  Hidden FAT16    63  GNU HURD or Sys af  HFS / HFS+      fb  VMware VMFS    
17  Hidden HPFS/NTF 64  Novell Netware  b7  BSDI fs         fc  VMware VMKCORE 
18  AST SmartSleep  65  Novell Netware  b8  BSDI swap       fd  Linux raid auto
1b  Hidden W95 FAT3 70  DiskSecure Mult bb  Boot Wizard hid fe  LANstep        
1c  Hidden W95 FAT3 75  PC/IX           be  Solaris boot    ff  BBT            
1e  Hidden W95 FAT1 80  Old Minix      
Hex code (type L to list all codes): fd
Changed type of partition 'Linux' to 'Linux raid autodetect'

Command (m for help): p

Disk /dev/sdb: 10.7 GB, 10737418240 bytes, 20971520 sectors
Units = sectors of 1 * 512 = 512 bytes
Sector size (logical/physical): 512 bytes / 512 bytes
I/O size (minimum/optimal): 512 bytes / 512 bytes
Disk label type: dos
Disk identifier: 0xe48defef

   Device Boot      Start         End      Blocks   Id  System
/dev/sdb1            2048    20971519    10484736   fd  Linux raid autodetect

Command (m for help): w
The partition table has been altered!

Calling ioctl() to re-read partition table.
Syncing disks.
[root@prometheus ~]# fdisk -l

Disk /dev/sda: 10.7 GB, 10737418240 bytes, 20971520 sectors
Units = sectors of 1 * 512 = 512 bytes
Sector size (logical/physical): 512 bytes / 512 bytes
I/O size (minimum/optimal): 512 bytes / 512 bytes
Disk label type: dos
Disk identifier: 0x000cf947

   Device Boot      Start         End      Blocks   Id  System
/dev/sda1   *        2048     2099199     1048576   83  Linux
/dev/sda2         2099200    20971519     9436160   8e  Linux LVM

Disk /dev/sdb: 10.7 GB, 10737418240 bytes, 20971520 sectors
Units = sectors of 1 * 512 = 512 bytes
Sector size (logical/physical): 512 bytes / 512 bytes
I/O size (minimum/optimal): 512 bytes / 512 bytes
Disk label type: dos
Disk identifier: 0xe48defef

   Device Boot      Start         End      Blocks   Id  System
/dev/sdb1            2048    20971519    10484736   fd  Linux raid autodetect

Disk /dev/sdc: 10.7 GB, 10737418240 bytes, 20971520 sectors
Units = sectors of 1 * 512 = 512 bytes
Sector size (logical/physical): 512 bytes / 512 bytes
I/O size (minimum/optimal): 512 bytes / 512 bytes


Disk /dev/sdd: 10.7 GB, 10737418240 bytes, 20971520 sectors
Units = sectors of 1 * 512 = 512 bytes
Sector size (logical/physical): 512 bytes / 512 bytes
I/O size (minimum/optimal): 512 bytes / 512 bytes


Disk /dev/sde: 10.7 GB, 10737418240 bytes, 20971520 sectors
Units = sectors of 1 * 512 = 512 bytes
Sector size (logical/physical): 512 bytes / 512 bytes
I/O size (minimum/optimal): 512 bytes / 512 bytes


Disk /dev/mapper/centos-root: 8585 MB, 8585740288 bytes, 16769024 sectors
Units = sectors of 1 * 512 = 512 bytes
Sector size (logical/physical): 512 bytes / 512 bytes
I/O size (minimum/optimal): 512 bytes / 512 bytes


Disk /dev/mapper/centos-swap: 1073 MB, 1073741824 bytes, 2097152 sectors
Units = sectors of 1 * 512 = 512 bytes
Sector size (logical/physical): 512 bytes / 512 bytes
I/O size (minimum/optimal): 512 bytes / 512 bytes

[root@prometheus ~]# 
[root@prometheus ~]# fdisk -l | grep sd[b-e]
Disk /dev/sdb: 10.7 GB, 10737418240 bytes, 20971520 sectors
/dev/sdb1            2048    20971519    10484736   fd  Linux raid autodetect
Disk /dev/sdc: 10.7 GB, 10737418240 bytes, 20971520 sectors
/dev/sdc1            2048    20971519    10484736   fd  Linux raid autodetect
Disk /dev/sdd: 10.7 GB, 10737418240 bytes, 20971520 sectors
/dev/sdd1            2048    20971519    10484736   fd  Linux raid autodetect
Disk /dev/sde: 10.7 GB, 10737418240 bytes, 20971520 sectors
/dev/sde1            2048    20971519    10484736   fd  Linux raid autodetect
[root@prometheus ~]# fdisk -l | grep sd[bcde]
Disk /dev/sdb: 10.7 GB, 10737418240 bytes, 20971520 sectors
/dev/sdb1            2048    20971519    10484736   fd  Linux raid autodetect
Disk /dev/sdc: 10.7 GB, 10737418240 bytes, 20971520 sectors
/dev/sdc1            2048    20971519    10484736   fd  Linux raid autodetect
Disk /dev/sdd: 10.7 GB, 10737418240 bytes, 20971520 sectors
/dev/sdd1            2048    20971519    10484736   fd  Linux raid autodetect
Disk /dev/sde: 10.7 GB, 10737418240 bytes, 20971520 sectors
/dev/sde1            2048    20971519    10484736   fd  Linux raid autodetect
[root@prometheus ~]#
[root@prometheus ~]# yum install -y mdadm
[root@prometheus ~]# mdadm --create /dev/md0 --level=1 --raid-devices=4 /dev/sd[bcde]
mdadm: partition table exists on /dev/sdb
mdadm: partition table exists on /dev/sdb but will be lost or
       meaningless after creating array
mdadm: Note: this array has metadata at the start and
    may not be suitable as a boot device.  If you plan to
    store '/boot' on this device please ensure that
    your boot-loader understands md/v1.x metadata, or use
    --metadata=0.90
mdadm: partition table exists on /dev/sdc
mdadm: partition table exists on /dev/sdc but will be lost or
       meaningless after creating array
mdadm: partition table exists on /dev/sdd
mdadm: partition table exists on /dev/sdd but will be lost or
       meaningless after creating array
mdadm: partition table exists on /dev/sde
mdadm: partition table exists on /dev/sde but will be lost or
       meaningless after creating array
Continue creating array? y
mdadm: Defaulting to version 1.2 metadata
mdadm: array /dev/md0 started.
[root@prometheus ~]# 
[root@prometheus ~]# mdadm --detail /dev/md0 
/dev/md0:
           Version : 1.2
     Creation Time : Tue Sep 29 15:45:32 2020
        Raid evel : raid1
        Array Size : 10476544 (9.99 GiB 10.73 GB)
     Used Dev Size : 10476544 (9.99 GiB 10.73 GB)
      Raid Devices : 4
     Total Devices : 4
       Persistence : Superblock is persistent

       Update Time : Tue Sep 29 15:45:55 2020
             State : clean, resyncing 
    Active Devices : 4
   Working Devices : 4
    Failed Devices : 0
     Spare Devices : 0

Consistency Policy : resync

     Resync Status : 8% complete

              Name : prometheus:0  (local to host prometheus)
              UUID : e695c8f2:74baa7d5:d042165c:981982a5
            Events : 1

    Number   Major   Minor   RaidDevice State
       0       8       16        0      active sync   /dev/sdb
       1       8       32        1      active sync   /dev/sdc
       2       8       48        2      active sync   /dev/sdd
       3       8       64        3      active sync   /dev/sde
[root@prometheus ~]# mdadm --detail /dev/md0 
/dev/md0:
           Version : 1.2
     Creation Time : Tue Sep 29 15:45:32 2020
        Raid Level : raid1
        Array Size : 10476544 (9.99 GiB 10.73 GB)
     Used Dev Size : 10476544 (9.99 GiB 10.73 GB)
      Raid Devices : 4
     Total Devices : 4
       Persistence : Superblock is persistent

       Update Time : Tue Sep 29 15:46:35 2020
             State : clean, resyncing 
    Active Devices : 4
   Working Devices : 4
    Failed Devices : 0
     Spare Devices : 0

Consistency Policy : resync

     Resync Status : 21% complete

              Name : prometheus:0  (local to host prometheus)
              UUID : e695c8f2:74baa7d5:d042165c:981982a5
            Events : 3

    Number   Major   Minor   RaidDevice State
       0       8       16        0      active sync   /dev/sdb
       1       8       32        1      active sync   /dev/sdc
       2       8       48        2      active sync   /dev/sdd
       3       8       64        3      active sync   /dev/sde
[root@prometheus ~]# mkfs.xfs /dev/md0 
meta-data=/dev/md0               isize=512    agcount=4, agsize=654784 blks
         =                       sectsz=512   attr=2, projid32bit=1
         =                       crc=1        finobt=0, sparse=0
data     =                       bsize=4096   blocks=2619136, imaxpct=25
         =                       sunit=0      swidth=0 blks
naming   =version 2              bsize=4096   ascii-ci=0 ftype=1
log      =internal log           bsize=4096   blocks=2560, version=2
         =                       sectsz=512   sunit=0 blks, lazy-count=1
realtime =none                   extsz=4096   blocks=0, rtextents=0
[root@prometheus ~]# 
[root@prometheus ~]# mkdir -pv /etc/mdadm
mkdir: created directory ‘/etc/mdadm’
[root@prometheus ~]# touch /etc/mdadm/mdadm.conf
[root@prometheus ~]# sudo mdadm --detail --scan | sudo tee -a /etc/mdadm/mdadm.conf
ARRAY /dev/md0 metadata=1.2 name=prometheus:0 UUID=e695c8f2:74baa7d5:d042165c:981982a5
[root@prometheus ~]# 
[root@prometheus ~]# cat /etc/mdadm/mdadm.conf 
ARRAY /dev/md0 metadata=1.2 name=prometheus:0 UUID=e695c8f2:74baa7d5:d042165c:981982a5
[root@prometheus ~]# mkdir -pv /data
mkdir: created directory ‘/data’
[root@prometheus ~]# mount /dev/md0 /data/
[root@prometheus ~]# df -hT
Filesystem              Type      Size  Used Avail Use% Mounted on
devtmpfs                devtmpfs  908M     0  908M   0% /dev
tmpfs                   tmpfs     920M     0  920M   0% /dev/shm
tmpfs                   tmpfs     920M  8.9M  911M   1% /run
tmpfs                   tmpfs     920M     0  920M   0% /sys/fs/cgroup
/dev/mapper/centos-root xfs       8.0G  4.4G  3.7G  55% /
/dev/sda1               xfs      1014M  149M  866M  15% /boot
tmpfs                   tmpfs     184M     0  184M   0% /run/user/0
/dev/md0                xfs        10G   33M   10G   1% /data
[root@prometheus ~]# 
[root@prometheus ~]# fdisk -l

Disk /dev/sda: 10.7 GB, 10737418240 bytes, 20971520 sectors
Units = sectors of 1 * 512 = 512 bytes
Sector size (logical/physical): 512 bytes / 512 bytes
I/O size (minimum/optimal): 512 bytes / 512 bytes
Disk label type: dos
Disk identifier: 0x000cf947

   Device Boot      Start         End      Blocks   Id  System
/dev/sda1   *        2048     2099199     1048576   83  Linux
/dev/sda2         2099200    20971519     9436160   8e  Linux LVM

Disk /dev/sdb: 10.7 GB, 10737418240 bytes, 20971520 sectors
Units = sectors of 1 * 512 = 512 bytes
Sector size (logical/physical): 512 bytes / 512 bytes
I/O size (minimum/optimal): 512 bytes / 512 bytes


Disk /dev/sdc: 10.7 GB, 10737418240 bytes, 20971520 sectors
Units = sectors of 1 * 512 = 512 bytes
Sector size (logical/physical): 512 bytes / 512 bytes
I/O size (minimum/optimal): 512 bytes / 512 bytes


Disk /dev/sdd: 10.7 GB, 10737418240 bytes, 20971520 sectors
Units = sectors of 1 * 512 = 512 bytes
Sector size (logical/physical): 512 bytes / 512 bytes
I/O size (minimum/optimal): 512 bytes / 512 bytes


Disk /dev/sde: 10.7 GB, 10737418240 bytes, 20971520 sectors
Units = sectors of 1 * 512 = 512 bytes
Sector size (logical/physical): 512 bytes / 512 bytes
I/O size (minimum/optimal): 512 bytes / 512 bytes


Disk /dev/mapper/centos-root: 8585 MB, 8585740288 bytes, 16769024 sectors
Units = sectors of 1 * 512 = 512 bytes
Sector size (logical/physical): 512 bytes / 512 bytes
I/O size (minimum/optimal): 512 bytes / 512 bytes


Disk /dev/mapper/centos-swap: 1073 MB, 1073741824 bytes, 2097152 sectors
Units = sectors of 1 * 512 = 512 bytes
Sector size (logical/physical): 512 bytes / 512 bytes
I/O size (minimum/optimal): 512 bytes / 512 bytes


Disk /dev/md0: 10.7 GB, 10727981056 bytes, 20953088 sectors
Units = sectors of 1 * 512 = 512 bytes
Sector size (logical/physical): 512 bytes / 512 bytes
I/O size (minimum/optimal): 512 bytes / 512 bytes

[root@prometheus ~]# lsblk
NAME            MAJ:MIN RM  SIZE RO TYPE  MOUNTPOINT
sda               8:0    0   10G  0 disk  
├─sda1            8:1    0    1G  0 part  /boot
└─sda2            8:2    0    9G  0 part  
  ├─centos-root 253:0    0    8G  0 lvm   /
  └─centos-swap 253:1    0    1G  0 lvm   [SWAP]
sdb               8:16   0   10G  0 disk  
└─md0             9:0    0   10G  0 raid1 /data
sdc               8:32   0   10G  0 disk  
└─md0             9:0    0   10G  0 raid1 /data
sdd               8:48   0   10G  0 disk  
└─md0             9:0    0   10G  0 raid1 /data
sde               8:64   0   10G  0 disk  
└─md0             9:0    0   10G  0 raid1 /data
sr0              11:0    1  4.4G  0 rom   
[root@prometheus ~]# blkid
/dev/sda1: UUID="57438dc2-70fe-4bf4-80d2-e84617e3c775" TYPE="xfs" 
/dev/sda2: UUID="Ix7aOE-iAfe-ro2j-IsgH-nOiA-16Ru-A0zR85" TYPE="LVM2_member" 
/dev/sdb: UUID="e695c8f2-74ba-a7d5-d042-165c981982a5" UUID_SUB="eb37fe6d-fbf3-2a33-a5b2-c406bc10c8c2" LABEL="prometheus:0" TYPE="linux_raid_member" 
/dev/sdc: UUID="e695c8f2-74ba-a7d5-d042-165c981982a5" UUID_SUB="f6fd9919-74e1-c92f-b45f-0ee61d02cbf9" LABEL="prometheus:0" TYPE="linux_raid_member" 
/dev/sdd: UUID="e695c8f2-74ba-a7d5-d042-165c981982a5" UUID_SUB="79757537-30c8-b3f7-6fc9-4101759c0771" LABEL="prometheus:0" TYPE="linux_raid_member" 
/dev/sr0: UUID="2019-09-11-18-50-31-00" LABEL="CentOS 7 x86_64" TYPE="iso9660" PTTYPE="dos" 
/dev/sde: UUID="e695c8f2-74ba-a7d5-d042-165c981982a5" UUID_SUB="70f3784b-3e81-8195-cce4-2299c341d220" LABEL="prometheus:0" TYPE="linux_raid_member" 
/dev/mapper/centos-root: UUID="590d5b8c-ca6e-4b3c-80dc-ad9ea26bf27a" TYPE="xfs" 
/dev/mapper/centos-swap: UUID="b565dddb-d245-47b9-8bf4-59e8818a70b4" TYPE="swap" 
/dev/md0: UUID="390e8399-846e-4615-8b39-90ab1ea8a99c" TYPE="xfs" 
[root@prometheus ~]# 
[root@prometheus ~]# df -hT
Filesystem              Type      Size  Used Avail Use% Mounted on
devtmpfs                devtmpfs  908M     0  908M   0% /dev
tmpfs                   tmpfs     920M     0  920M   0% /dev/shm
tmpfs                   tmpfs     920M  8.9M  911M   1% /run
tmpfs                   tmpfs     920M     0  920M   0% /sys/fs/cgroup
/dev/mapper/centos-root xfs       8.0G  4.4G  3.7G  55% /
/dev/sda1               xfs      1014M  149M  866M  15% /boot
tmpfs                   tmpfs     184M     0  184M   0% /run/user/0
/dev/md0                xfs        10G   33M   10G   1% /data
[root@prometheus ~]# 
[root@prometheus ~]# mdadm --detail /dev/md0 
/dev/md0:
           Version : 1.2
     Creation Time : Tue Sep 29 15:45:32 2020
        Raid Level : raid1
        Array Size : 10476544 (9.99 GiB 10.73 GB)
     Used Dev Size : 10476544 (9.99 GiB 10.73 GB)
      Raid Devices : 4
     Total Devices : 4
       Persistence : Superblock is persistent

       Update Time : Tue Sep 29 15:53:10 2020
             State : clean 
    Active Devices : 4
   Working Devices : 4
    Failed Devices : 0
     Spare Devices : 0

Consistency Policy : resync

              Name : prometheus:0  (local to host prometheus)
              UUID : e695c8f2:74baa7d5:d042165c:981982a5
            Events : 19

    Number   Major   Minor   RaidDevice State
       0       8       16        0      active sync   /dev/sdb
       1       8       32        1      active sync   /dev/sdc
       2       8       48        2      active sync   /dev/sdd
       3       8       64        3      active sync   /dev/sde
[root@prometheus ~]#
[root@prometheus ~]# vi /etc/fstab 

#
# /etc/fstab
# Created by anaconda on Tue Jul 14 17:38:00 2020
#
# Accessible filesystems, by reference, are maintained under '/dev/disk'
# See man pages fstab(5), findfs(8), mount(8) and/or blkid(8) for more info
#
/dev/mapper/centos-root /                       xfs     defaults        0 0
UUID=57438dc2-70fe-4bf4-80d2-e84617e3c775 /boot                   xfs     defaults        0 0
/dev/mapper/centos-swap swap                    swap    defaults        0 0
UUID="390e8399-846e-4615-8b39-90ab1ea8a99c" /data xfs defaults 0 0
[root@prometheus ~]#
~~~

