[Licensed under the CC BY-NC-SA 4.0](https://creativecommons.org/licenses/by-nc-sa/4.0/deed.zh)

文档不定时更新，如有疑问请及时联系本文作者，当前文档版本1.0.0

[创建LVM逻辑卷](https://help.aliyun.com/document_detail/131141.html) 

[扩容LVM逻辑卷](https://help.aliyun.com/document_detail/131143.html) 

###### 添加磁盘(LVM)

~~~
[root@test /]# df -h -T

Filesystem Type Size Used Avail Use% Mounted on
/dev/mapper/centos_test-root xfs 27G 1.2G 26G 5% /
devtmpfs devtmpfs 899M 0 899M 0% /dev
tmpfs tmpfs 911M 0 911M 0% /dev/shm
tmpfs tmpfs 911M 9.5M 902M 2% /run
tmpfs tmpfs 911M 0 911M 0% /sys/fs/cgroup
/dev/sdb1 xfs 5.0G 33M 5.0G 1% /data
/dev/sda1 xfs 1014M 142M 873M 14% /boot
tmpfs tmpfs 183M 0 183M 0% /run/user/0
[root@test /]# fdisk -l

Disk /dev/sda: 21.5 GB, [21474836480](tel:21474836480) bytes, [41943040](tel:41943040) sectors
Units = sectors of 1 * 512 = 512 bytes
Sector size (logical/physical): 512 bytes / 512 bytes
I/O size (minimum/optimal): 512 bytes / 512 bytes
Disk label type: dos
Disk identifier: 0x000aaf4c

Device Boot Start End Blocks Id System
/dev/sda1 * [2048 2099199](tel:2048 2099199) [1048576](tel:1048576) 83 Linux
/dev/sda2 [2099200](tel:2099200) [41943039](tel:41943039) [19921920](tel:19921920) 8e Linux LVM

Disk /dev/sdb: 16.1 GB, [16106127360](tel:16106127360) bytes, [31457280](tel:31457280) sectors
Units = sectors of 1 * 512 = 512 bytes
Sector size (logical/physical): 512 bytes / 512 bytes
I/O size (minimum/optimal): 512 bytes / 512 bytes
Disk label type: dos
Disk identifier: 0x692b264b

Device Boot Start End Blocks Id System
/dev/sdb1 [2048 10485759](tel:2048 10485759) [5241856](tel:5241856) 83 Linux
/dev/sdb2 [10485760](tel:10485760) [31457279](tel:31457279) [10485760](tel:10485760) 83 Linux

Disk /dev/sdc: 3221 MB, [3221225472](tel:3221225472) bytes, [6291456](tel:6291456) sectors
Units = sectors of 1 * 512 = 512 bytes
Sector size (logical/physical): 512 bytes / 512 bytes
I/O size (minimum/optimal): 512 bytes / 512 bytes
Disk label type: dos
Disk identifier: 0x6442c7d7

Device Boot Start End Blocks Id System



Disk /dev/mapper/centos_test-root: 29.0 GB, [28982640640](tel:28982640640) bytes, [56606720](tel:56606720) sectors
Units = sectors of 1 * 512 = 512 bytes
Sector size (logical/physical): 512 bytes / 512 bytes
I/O size (minimum/optimal): 512 bytes / 512 bytes


Disk /dev/mapper/centos_test-swap: 2147 MB, [2147483648](tel:2147483648) bytes, [4194304](tel:4194304) sectors
Units = sectors of 1 * 512 = 512 bytes
Sector size (logical/physical): 512 bytes / 512 bytes
I/O size (minimum/optimal): 512 bytes / 512 bytes

[root@test ~]# 
[root@test ~]# fdisk /dev/sdc
Welcome to fdisk (util-linux 2.23.2).

Changes will remain in memory only, until you decide to write them.
Be careful before using the write command.


Command (m for help): m

Command action
a toggle a bootable flag
b edit bsd disklabel
c toggle the dos compatibility flag
d delete a partition
g create a new empty GPT partition table
G create an IRIX (SGI) partition table
l list known partition types
m print this menu
n add a new partition
o create a new empty DOS partition table
p print the partition table
q quit without saving changes
s create a new empty Sun disklabel
t change a partition's system id
u change display/entry units
v verify the partition table
w write table to disk and exit
x extra functionality (experts only)

Command (m for help): n
Partition type:
p primary (1 primary, 0 extended, 3 free)
e extended
Select (default p):                                                                     //直接回车
Using default response p
Partition number (1-4, default 1):                                                      //直接回车
First sector ([2048-18874367](tel:2048-18874367), default 2048):                        //直接回车
Using default value 2048
Last sector, +sectors or +size{K,M,G} ([2048-18874367](tel:2048-18874367), default [18874367](tel:18874367)):                                                              //直接回车
Using default value [18874367](tel:18874367)
Partition 2 of type Linux and of size 6 GiB is set

Command (m for help): t

Selected partition 1
Hex code (type L to list all codes): L
0 Empty              24 NEC DOS           81 Minix / old Lin   bf Solaris 
1 FAT12              27 Hidden NTFS Win   82 Linux swap / So   c1 DRDOS/sec (FAT-
2 XENIX root         39 Plan 9            83 Linux             c4 DRDOS/sec (FAT-
3 XENIX usr          3c PartitionMagic    84 OS/2 hidden C:    c6 DRDOS/sec (FAT-
4 FAT16 <32M         40 Venix 80286       85 Linux extended    c7 Syrinx 
5 Extended           41 PPC PReP Boot     86 NTFS volume set   da Non-FS data 
6 FAT16              42 SFS               87 NTFS volume set   db CP/M / CTOS / .
7 HPFS/NTFS/exFAT    4d QNX4.x            88 Linux plaintext   de Dell Utility 
8 AIX                4e QNX4.x 2nd part   8e Linux LVM         df BootIt 
9 AIX bootable       4f QNX4.x 3rd part   93 Amoeba            e1 DOS access 
a OS/2 Boot Manag    50 OnTrack DM        94 Amoeba BBT        e3 DOS R/O 
b W95 FAT32          51 OnTrack DM6 Aux   9f BSD/OS            e4 SpeedStor 
c W95 FAT32 (LBA)    52 CP/M              a0 IBM Thinkpad hi   eb BeOS fs 
e W95 FAT16 (LBA)    53 OnTrack DM6 Aux   a5 FreeBSD           ee GPT 
f W95 Ext'd (LBA)    54 OnTrackDM6        a6 OpenBSD           ef EFI (FAT-12/16/
10 OPUS              55 EZ-Drive          a7 NeXTSTEP          f0 Linux/PA-RISC b
11 Hidden FAT12      56 Golden Bow        a8 Darwin UFS        f1 SpeedStor 
12 Compaq diagnost   5c Priam Edisk       a9 NetBSD            f4 SpeedStor 
14 Hidden FAT16 <3   61 SpeedStor         ab Darwin boot       f2 DOS secondary 
16 Hidden FAT16      63 GNU HURD or Sys   af HFS / HFS+        fb VMware VMFS 
17 Hidden HPFS/NTF   64 Novell Netware    b7 BSDI fs           fc VMware VMKCORE 
18 AST SmartSleep    65 Novell Netware    b8 BSDI swap         fd Linux raid auto
1b Hidden W95 FAT3   70 DiskSecure Mult   bb Boot Wizard hid   fe LANstep 
1c Hidden W95 FAT3   75 PC/IX             be Solaris boot      ff BBT 
1e Hidden W95 FAT1   80 Old Minix

Hex code (type L to list all codes): 8e
Changed type of partition 'Linux' to 'Linux LVM'

Command (m for help): p

Disk /dev/sdc: 9663 MB, [9663676416](tel:9663676416) bytes, [18874368](tel:18874368) sectors
Units = sectors of 1 * 512 = 512 bytes
Sector size (logical/physical): 512 bytes / 512 bytes
I/O size (minimum/optimal): 512 bytes / 512 bytes
Disk label type: dos
Disk identifier: 0x6442c7d7

Device Boot Start End Blocks Id System
/dev/sdc1 [2048 6291455](tel:2048 6291455) [3144704](tel:3144704) 8e Linux LVM

Command (m for help): w
The partition table has been altered!

Calling ioctl() to re-read partition table.

WARNING: Re-reading the partition table failed with error 16: Device or resource busy.
The kernel still uses the old table. The new table will be used at
the next reboot or after you run partprobe(8) or kpartx(8)
Syncing disks.
[root@test ~]# reboot

// 一个硬盘f分区组成一个pv（物理卷）
// 一个或者多个pv组成一个vg（卷组）
// 一个vg可以划分出多个lv（逻辑卷）

[root@test /]# yum install -y lvm2                   // 可能需要
[root@test ~]# lvm
lvm> pvcreate /dev/sdc1
Physical volume "/dev/sdc1" successfully created.

lvm> pvdisplay
--- Physical volume ---
PV Name /dev/sda2
VG Name centos_test
PV Size <19.00 GiB / not usable 3.00 MiB
Allocatable yes (but full)
PE Size 4.00 MiB
Total PE 4863
Free PE 0
Allocated PE 4863
PV UUID 1NVwBS-8EBO-TFtr-sXyg-sgqy-9p0R-zoOnKi

--- Physical volume ---
PV Name /dev/sdb2
VG Name centos_test
PV Size 10.00 GiB / not usable 4.00 MiB
Allocatable yes (but full)
PE Size 4.00 MiB
Total PE 2559
Free PE 0
Allocated PE 2559
PV UUID ZrBZSA-ITH0-fjil-aR6a-4Dms-12ou-nH1Dnq

--- Physical volume ---
PV Name /dev/sdc1
VG Name vg_group
PV Size <3.00 GiB / not usable 3.00 MiB
Allocatable yes 
PE Size 4.00 MiB
Total PE 767
Free PE 767
Allocated PE 0
PV UUID FyONnI-0ARS-WeGR-RYFr-ZCfb-Blk6-PeemZd
lvm> vgcreate vg_group /dev/sdc1
Volume group "vg_group" successfully created
lvm> vgdisplay
--- Volume group ---
VG Name centos_test
System ID 
Format lvm2
Metadata Areas 2
Metadata Sequence No 5
VG Access read/write
VG Status resizable
MAX LV 0
Cur LV 2
Open LV 2
Max PV 0
Cur PV 2
Act PV 2
VG Size 28.99 GiB
PE Size 4.00 MiB
Total PE 7422
Alloc PE / Size 7422 / 28.99 GiB
Free PE / Size 0 / 0 
VG UUID 27Yxyn-WtMI-A8f6-xPPv-aG9m-hAZQ-OfbINP

--- Volume group ---
VG Name vg_group
System ID 
Format lvm2
Metadata Areas 1
Metadata Sequence No 1
VG Access read/write
VG Status resizable
MAX LV 0
Cur LV 0
Open LV 0
Max PV 0
Cur PV 1
Act PV 1
VG Size <3.00 GiB
PE Size 4.00 MiB
Total PE 767
Alloc PE / Size 0 / 0 
Free PE / Size 767 / <3.00 GiB
VG UUID G7svsv-Zuup-GimR-SeWk-XM4H-fvyT-M1l7bO

lvm> lvcreate -L 3G -n lv_group vg_group                                                // 小于3G, lvcreate -L 单位 kKmMgGtT 字节， lvcreate -l 单位 PE 数
Volume group "vg_group" has insufficient free space (767 extents): 768 required.

lvm> lvcreate -L 2.9G -n lv_group vg_group
Rounding up size to full physical extent 2.90 GiB
Logical volume "lv_group" created.
lvm> vgdisplay
--- Volume group ---
VG Name centos_test
System ID 
Format lvm2
Metadata Areas 2
Metadata Sequence No 5
VG Access read/write
VG Status resizable
MAX LV 0
Cur LV 2
Open LV 2
Max PV 0
Cur PV 2
Act PV 2
VG Size 28.99 GiB
PE Size 4.00 MiB
Total PE 7422
Alloc PE / Size 7422 / 28.99 GiB
Free PE / Size 0 / 0 
VG UUID 27Yxyn-WtMI-A8f6-xPPv-aG9m-hAZQ-OfbINP

--- Volume group ---
VG Name vg_group
System ID 
Format lvm2
Metadata Areas 1
Metadata Sequence No 2
VG Access read/write
VG Status resizable
MAX LV 0
Cur LV 1
Open LV 0
Max PV 0
Cur PV 1
Act PV 1
VG Size <3.00 GiB
PE Size 4.00 MiB
Total PE 767
Alloc PE / Size 743 / 2.90 GiB
Free PE / Size 24 / 96.00 MiB
VG UUID G7svsv-Zuup-GimR-SeWk-XM4H-fvyT-M1l7bO

lvm> lvdisplay
--- Logical volume ---
LV Path /dev/centos_test/swap
LV Name swap
VG Name centos_test
LV UUID 289LKI-7hpD-bPKc-qknI-n2GF-hGk2-Rlv8iK
LV Write Access read/write
LV Creation host, time test, 2019-04-19 11:22:44 +0800
LV Status available
\# open 2
LV Size 2.00 GiB
Current LE 512
Segments 1
Allocation inherit
Read ahead sectors auto
- currently set to 8192
Block device 253:1

--- Logical volume ---
LV Path /dev/centos_test/root
LV Name root
VG Name centos_test
LV UUID VkkQHr-h4Dp-oyK9-svQR-ZfQg-FriK-Cqkj6o
LV Write Access read/write
LV Creation host, time test, 2019-04-19 11:22:44 +0800
LV Status available
# open 1
LV Size 26.99 GiB
Current LE 6910
Segments 2
Allocation inherit
Read ahead sectors auto
- currently set to 8192
Block device 253:0

--- Logical volume ---
LV Path /dev/vg_group/lv_group
LV Name lv_group
VG Name vg_group
LV UUID mp3yIb-cTHd-W1rL-rkxY-5cni-IKvB-yeqPtx
LV Write Access read/write
LV Creation host, time test, 2019-04-19 17:24:02 +0800
LV Status available
# open 0
LV Size 2.90 GiB
Current LE 743
Segments 1
Allocation inherit
Read ahead sectors auto
- currently set to 8192
Block device 253:2

lvm> lvs
LV VG Attr LSize Pool Origin Data% Meta% Move Log Cpy%Sync Convert
root centos_test -wi-ao---- 26.99g 
swap centos_test -wi-ao---- 2.00g 
lv_group vg_group -wi-a----- 2.90g 
lvm> vgs
VG #PV #LV #SN Attr VSize VFree 
centos_test 2 2 0 wz--n- 28.99g 0 
vg_group 1 1 0 wz--n- <3.00g 96.00m
lvm> pvs
PV VG Fmt Attr PSize PFree 
/dev/sda2 centos_test lvm2 a-- <19.00g 0 
/dev/sdb2 centos_test lvm2 a-- <10.00g 0 
/dev/sdc1 vg_group lvm2 a-- <3.00g 96.00m
lvm> quit
Exiting.
[root@test ~]# 
[root@test ~]# df -h -T
Filesystem Type Size Used Avail Use% Mounted on
/dev/mapper/centos_test-root xfs 27G 1.2G 26G 5% /
devtmpfs devtmpfs 899M 0 899M 0% /dev
tmpfs tmpfs 911M 0 911M 0% /dev/shm
tmpfs tmpfs 911M 9.5M 902M 2% /run
tmpfs tmpfs 911M 0 911M 0% /sys/fs/cgroup
/dev/sdb1 xfs 5.0G 33M 5.0G 1% /data
/dev/sda1 xfs 1014M 142M 873M 14% /boot
tmpfs tmpfs 183M 0 183M 0% /run/user/0
[root@test ~]# 
[root@test ~]# mkfs.xfs /dev/vg_group/lv_group                                          // 此文件系统类型是xfs 或者为ext4 (格式化操作，慎用)
meta-data=/dev/vg_group/lv_group isize=512 agcount=4, agsize=190208 blks
= sectsz=512 attr=2, projid32bit=1
= crc=1 finobt=0, sparse=0
data = bsize=4096 blocks=760832, imaxpct=25
= sunit=0 swidth=0 blks
naming =version 2 bsize=4096 ascii-ci=0 ftype=1
log =internal log bsize=4096 blocks=2560, version=2
= sectsz=512 sunit=0 blks, lazy-count=1
realtime =none extsz=4096 blocks=0, rtextents=0
[root@test ~]# 
[root@test ~]# cd /
[root@test /]# mkdir app
[root@test /]# 
[root@test /]# mount /dev/vg_group/lv_group /app/
[root@test /]# df -h -T
Filesystem Type Size Used Avail Use% Mounted on
/dev/mapper/centos_test-root xfs 27G 1.2G 26G 5% /
devtmpfs devtmpfs 899M 0 899M 0% /dev
tmpfs tmpfs 911M 0 911M 0% /dev/shm
tmpfs tmpfs 911M 9.5M 902M 2% /run
tmpfs tmpfs 911M 0 911M 0% /sys/fs/cgroup
/dev/sdb1 xfs 5.0G 33M 5.0G 1% /data
/dev/sda1 xfs 1014M 142M 873M 14% /boot
tmpfs tmpfs 183M 0 183M 0% /run/user/0
/dev/mapper/vg_group-lv_group xfs 2.9G 33M 2.9G 2% /app
[root@test /]# fdisk -l

Disk /dev/sda: 21.5 GB, [21474836480](tel:21474836480) bytes, [41943040](tel:41943040) sectors
Units = sectors of 1 * 512 = 512 bytes
Sector size (logical/physical): 512 bytes / 512 bytes
I/O size (minimum/optimal): 512 bytes / 512 bytes
Disk label type: dos
Disk identifier: 0x000aaf4c

Device Boot Start End Blocks Id System
/dev/sda1 * [2048 2099199](tel:2048 2099199) [1048576](tel:1048576) 83 Linux
/dev/sda2 [2099200](tel:2099200) [41943039](tel:41943039) [19921920](tel:19921920) 8e Linux LVM

Disk /dev/sdb: 16.1 GB, [16106127360](tel:16106127360) bytes, [31457280](tel:31457280) sectors
Units = sectors of 1 * 512 = 512 bytes
Sector size (logical/physical): 512 bytes / 512 bytes
I/O size (minimum/optimal): 512 bytes / 512 bytes
Disk label type: dos
Disk identifier: 0x692b264b

Device Boot Start End Blocks Id System
/dev/sdb1 [2048 10485759](tel:2048 10485759) [5241856](tel:5241856) 83 Linux
/dev/sdb2 [10485760](tel:10485760) [31457279](tel:31457279) [10485760](tel:10485760) 83 Linux

Disk /dev/sdc: 3221 MB, [3221225472](tel:3221225472) bytes, [6291456](tel:6291456) sectors
Units = sectors of 1 * 512 = 512 bytes
Sector size (logical/physical): 512 bytes / 512 bytes
I/O size (minimum/optimal): 512 bytes / 512 bytes
Disk label type: dos
Disk identifier: 0x6442c7d7

Device Boot Start End Blocks Id System
/dev/sdc1 [2048 6291455](tel:2048 6291455) [3144704](tel:3144704) 8e Linux LVM

Disk /dev/mapper/centos_test-root: 29.0 GB, [28982640640](tel:28982640640) bytes, [56606720](tel:56606720) sectors
Units = sectors of 1 * 512 = 512 bytes
Sector size (logical/physical): 512 bytes / 512 bytes
I/O size (minimum/optimal): 512 bytes / 512 bytes


Disk /dev/mapper/centos_test-swap: 2147 MB, [2147483648](tel:2147483648) bytes, [4194304](tel:4194304) sectors
Units = sectors of 1 * 512 = 512 bytes
Sector size (logical/physical): 512 bytes / 512 bytes
I/O size (minimum/optimal): 512 bytes / 512 bytes


Disk /dev/mapper/vg_group-lv_group: 3116 MB, [3116367872](tel:3116367872) bytes, [6086656](tel:6086656) sectors
Units = sectors of 1 * 512 = 512 bytes
Sector size (logical/physical): 512 bytes / 512 bytes
I/O size (minimum/optimal): 512 bytes / 512 bytes

若要确保在重新引导后自动重新装载驱动器，必须将其添加到 /etc/fstab 文件。 此外，强烈建议在 /etc/fstab 中使用 UUID（全局唯一标识符）来引用驱动器而不是只使用设备名称（例如 /dev/sdc1）。 如果 OS 在启动过程中检测到磁盘错误，使用 UUID 可以避免将错误的磁盘装载到给定位置。 然后，为剩余的数据磁盘分配这些设备 ID。 若要查找新驱动器的 UUID，请使用 blkid 实用工具

[root@test /]# cp /etc/fstab /etc/fstab.bak
[root@test /]#  
[root@test ~]# cat /etc/fstab
#
# /etc/fstab
# Created by anaconda on Fri Apr 19 11:22:45 2019
#
# Accessible filesystems, by reference, are maintained under '/dev/disk'
# See man pages fstab(5), findfs(8), mount(8) and/or blkid(8) for more info
#
/dev/mapper/centos_test-root / xfs defaults 0 0
UUID=470a7524-d8d8-4510-bdb7-c229881c283c /boot xfs defaults 0 0
/dev/mapper/centos_test-swap swap swap defaults 0 0

 

/dev/sdb1 /data xfs defaults 0 0
/dev/mapper/vg_group-lv_group /app xfs defaults 0 0

# 或者 /dev/vg_group/lv_group /app/ xfs defaults 0 0


[root@test /]# cd /app/
[root@test app]# touch bbb.txt
[root@test app]# vi bbb.txt 
[root@test app]# cat bbb.txt 
qwer
[root@test app]# reboot

Connection closed by foreign host.

Disconnected from remote host(192.168.29.129) at 17:33:22.

Type `help' to learn how to use Xshell prompt.
[c:\~]$

Connecting to 192.168.29.129:22...
Connection established.
To escape to local shell, press 'Ctrl+Alt+]'.

WARNING! The remote SSH server rejected X11 forwarding request.
Last login: Fri Apr 19 17:10:47 2019 from 192.168.29.1
[root@test ~]# df -h -T
Filesystem Type Size Used Avail Use% Mounted on
/dev/mapper/centos_test-root xfs 27G 1.2G 26G 5% /
devtmpfs devtmpfs 899M 0 899M 0% /dev
tmpfs tmpfs 911M 0 911M 0% /dev/shm
tmpfs tmpfs 911M 9.6M 902M 2% /run
tmpfs tmpfs 911M 0 911M 0% /sys/fs/cgroup
/dev/sdb1 xfs 5.0G 33M 5.0G 1% /data
/dev/mapper/vg_group-lv_group xfs 2.9G 33M 2.9G 2% /app
/dev/sda1 xfs 1014M 142M 873M 14% /boot
tmpfs tmpfs 183M 0 183M 0% /run/user/0
[root@test ~]# cat /app/bbb.txt 
qwer
~~~

###### 扩容磁盘(LVM)
~~~

[root@test ~]# shutdown -h now

Connection closed by foreign host.

Disconnected from remote host(192.168.29.129) at 17:34:13.

Type `help' to learn how to use Xshell prompt.
[c:\~]$

Connecting to 192.168.29.129:22...
Connection established.
To escape to local shell, press 'Ctrl+Alt+]'.

WARNING! The remote SSH server rejected X11 forwarding request.
Last login: Fri Apr 19 17:33:45 2019 from 192.168.29.1
[root@test ~]# 
[root@test ~]# df -h -T
Filesystem Type Size Used Avail Use% Mounted on
/dev/mapper/centos_test-root xfs 27G 1.2G 26G 5% /
devtmpfs devtmpfs 899M 0 899M 0% /dev
tmpfs tmpfs 911M 0 911M 0% /dev/shm
tmpfs tmpfs 911M 9.5M 902M 2% /run
tmpfs tmpfs 911M 0 911M 0% /sys/fs/cgroup
/dev/sdb1 xfs 5.0G 33M 5.0G 1% /data
/dev/sda1 xfs 1014M 142M 873M 14% /boot
/dev/mapper/vg_group-lv_group xfs 2.9G 33M 2.9G 2% /app
tmpfs tmpfs 183M 0 183M 0% /run/user/0
[root@test ~]# fdisk -l

Disk /dev/sdb: 16.1 GB, [16106127360](tel:16106127360) bytes, [31457280](tel:31457280) sectors
Units = sectors of 1 * 512 = 512 bytes
Sector size (logical/physical): 512 bytes / 512 bytes
I/O size (minimum/optimal): 512 bytes / 512 bytes
Disk label type: dos
Disk identifier: 0x692b264b

Device Boot Start End Blocks Id System
/dev/sdb1 [2048 10485759](tel:2048 10485759) [5241856](tel:5241856) 83 Linux
/dev/sdb2 [10485760](tel:10485760) [31457279](tel:31457279) [10485760](tel:10485760) 83 Linux

Disk /dev/sda: 21.5 GB, [21474836480](tel:21474836480) bytes, [41943040](tel:41943040) sectors
Units = sectors of 1 * 512 = 512 bytes
Sector size (logical/physical): 512 bytes / 512 bytes
I/O size (minimum/optimal): 512 bytes / 512 bytes
Disk label type: dos
Disk identifier: 0x000aaf4c

Device Boot Start End Blocks Id System
/dev/sda1 * [2048 2099199](tel:2048 2099199) [1048576](tel:1048576) 83 Linux
/dev/sda2 [2099200](tel:2099200) [41943039](tel:41943039) [19921920](tel:19921920) 8e Linux LVM

Disk /dev/sdc: 9663 MB, [9663676416](tel:9663676416) bytes, [18874368](tel:18874368) sectors
Units = sectors of 1 * 512 = 512 bytes
Sector size (logical/physical): 512 bytes / 512 bytes
I/O size (minimum/optimal): 512 bytes / 512 bytes
Disk label type: dos
Disk identifier: 0x6442c7d7

Device Boot Start End Blocks Id System
/dev/sdc1 [2048 6291455](tel:2048 6291455) [3144704](tel:3144704) 8e Linux LVM

Disk /dev/mapper/centos_test-root: 29.0 GB, [28982640640](tel:28982640640) bytes, [56606720](tel:56606720) sectors
Units = sectors of 1 * 512 = 512 bytes
Sector size (logical/physical): 512 bytes / 512 bytes
I/O size (minimum/optimal): 512 bytes / 512 bytes


Disk /dev/mapper/centos_test-swap: 2147 MB, [2147483648](tel:2147483648) bytes, [4194304](tel:4194304) sectors
Units = sectors of 1 * 512 = 512 bytes
Sector size (logical/physical): 512 bytes / 512 bytes
I/O size (minimum/optimal): 512 bytes / 512 bytes


Disk /dev/mapper/vg_group-lv_group: 3116 MB, [3116367872](tel:3116367872) bytes, [6086656](tel:6086656) sectors
Units = sectors of 1 * 512 = 512 bytes
Sector size (logical/physical): 512 bytes / 512 bytes
I/O size (minimum/optimal): 512 bytes / 512 bytes

[root@test ~]# fdisk /dev/sdc
Welcome to fdisk (util-linux 2.23.2).

Changes will remain in memory only, until you decide to write them.
Be careful before using the write command.


Command (m for help): m

Command action
a toggle a bootable flag
b edit bsd disklabel
c toggle the dos compatibility flag
d delete a partition
g create a new empty GPT partition table
G create an IRIX (SGI) partition table
l list known partition types
m print this menu
n add a new partition
o create a new empty DOS partition table
p print the partition table
q quit without saving changes
s create a new empty Sun disklabel
t change a partition's system id
u change display/entry units
v verify the partition table
w write table to disk and exit
x extra functionality (experts only)

Command (m for help): n
Partition type:
p primary (1 primary, 0 extended, 3 free)
e extended
Select (default p):                                                                     // 直接回车
Using default response p
Partition number (2-4, default 2):                                                      // 直接回车
First sector (6291456-18874367, default [6291456](tel:6291456)):                        // 直接回车
Using default value [6291456](tel:6291456)
Last sector, +sectors or +size{K,M,G} (6291456-18874367, default [18874367](tel:18874367)):                                                                        // 直接回车
Using default value [18874367](tel:18874367)
Partition 2 of type Linux and of size 6 GiB is set

Command (m for help): p

Disk /dev/sdc: 9663 MB, [9663676416](tel:9663676416) bytes, [18874368](tel:18874368) sectors
Units = sectors of 1 * 512 = 512 bytes
Sector size (logical/physical): 512 bytes / 512 bytes
I/O size (minimum/optimal): 512 bytes / 512 bytes
Disk label type: dos
Disk identifier: 0x6442c7d7

Device Boot Start End Blocks Id System
/dev/sdc1 [2048 6291455](tel:2048 6291455) [3144704](tel:3144704) 8e Linux LVM
/dev/sdc2 [6291456](tel:6291456) [18874367](tel:18874367) [6291456](tel:6291456) 83 Linux

Command (m for help): w
The partition table has been altered!

Calling ioctl() to re-read partition table.

WARNING: Re-reading the partition table failed with error 16: Device or resource busy.
The kernel still uses the old table. The new table will be used at
the next reboot or after you run partprobe(8) or kpartx(8)
Syncing disks.
[root@test ~]# reboot

Connection closed by foreign host.

Disconnected from remote host(192.168.29.129) at 17:42:55.

Type `help' to learn how to use Xshell prompt.
[c:\~]$

Connecting to 192.168.29.129:22...
Connection established.
To escape to local shell, press 'Ctrl+Alt+]'.

WARNING! The remote SSH server rejected X11 forwarding request.
Last login: Fri Apr 19 17:35:43 2019 from 192.168.29.1
[root@test ~]# df -h -T
Filesystem Type Size Used Avail Use% Mounted on
/dev/mapper/centos_test-root xfs 27G 1.2G 26G 5% /
devtmpfs devtmpfs 899M 0 899M 0% /dev
tmpfs tmpfs 911M 0 911M 0% /dev/shm
tmpfs tmpfs 911M 9.6M 902M 2% /run
tmpfs tmpfs 911M 0 911M 0% /sys/fs/cgroup
/dev/sdb1 xfs 5.0G 33M 5.0G 1% /data
/dev/sda1 xfs 1014M 142M 873M 14% /boot
/dev/mapper/vg_group-lv_group xfs 2.9G 33M 2.9G 2% /app
tmpfs tmpfs 183M 0 183M 0% /run/user/0
[root@test ~]# fdisk -l

Disk /dev/sdb: 16.1 GB, [16106127360](tel:16106127360) bytes, [31457280](tel:31457280) sectors
Units = sectors of 1 * 512 = 512 bytes
Sector size (logical/physical): 512 bytes / 512 bytes
I/O size (minimum/optimal): 512 bytes / 512 bytes
Disk label type: dos
Disk identifier: 0x692b264b

Device Boot Start End Blocks Id System
/dev/sdb1 [2048 10485759](tel:2048 10485759) [5241856](tel:5241856) 83 Linux
/dev/sdb2 [10485760](tel:10485760) [31457279](tel:31457279) [10485760](tel:10485760) 83 Linux

Disk /dev/sda: 21.5 GB, [21474836480](tel:21474836480) bytes, [41943040](tel:41943040) sectors
Units = sectors of 1 * 512 = 512 bytes
Sector size (logical/physical): 512 bytes / 512 bytes
I/O size (minimum/optimal): 512 bytes / 512 bytes
Disk label type: dos
Disk identifier: 0x000aaf4c

Device Boot Start End Blocks Id System
/dev/sda1 * [2048 2099199](tel:2048 2099199) [1048576](tel:1048576) 83 Linux
/dev/sda2 [2099200](tel:2099200) [41943039](tel:41943039) [19921920](tel:19921920) 8e Linux LVM

Disk /dev/sdc: 9663 MB, [9663676416](tel:9663676416) bytes, [18874368](tel:18874368) sectors
Units = sectors of 1 * 512 = 512 bytes
Sector size (logical/physical): 512 bytes / 512 bytes
I/O size (minimum/optimal): 512 bytes / 512 bytes
Disk label type: dos
Disk identifier: 0x6442c7d7

Device Boot Start End Blocks Id System
/dev/sdc1 [2048 6291455](tel:2048 6291455) [3144704](tel:3144704) 8e Linux LVM
/dev/sdc2 [6291456](tel:6291456) [18874367](tel:18874367) [6291456](tel:6291456) 83 Linux

Disk /dev/mapper/centos_test-root: 29.0 GB, [28982640640](tel:28982640640) bytes, [56606720](tel:56606720) sectors
Units = sectors of 1 * 512 = 512 bytes
Sector size (logical/physical): 512 bytes / 512 bytes
I/O size (minimum/optimal): 512 bytes / 512 bytes


Disk /dev/mapper/centos_test-swap: 2147 MB, [2147483648](tel:2147483648) bytes, [4194304](tel:4194304) sectors
Units = sectors of 1 * 512 = 512 bytes
Sector size (logical/physical): 512 bytes / 512 bytes
I/O size (minimum/optimal): 512 bytes / 512 bytes


Disk /dev/mapper/vg_group-lv_group: 3116 MB, [3116367872](tel:3116367872) bytes, [6086656](tel:6086656) sectors
Units = sectors of 1 * 512 = 512 bytes
Sector size (logical/physical): 512 bytes / 512 bytes
I/O size (minimum/optimal): 512 bytes / 512 bytes

[root@test ~]# mkfs.xfs /dev/sdc2                                                       // 此文件系统类型是xfs 或者为ext4 (格式化操作，慎用)
meta-data=/dev/sdc2 isize=512 agcount=4, agsize=393216 blks
= sectsz=512 attr=2, projid32bit=1
= crc=1 finobt=0, sparse=0
data = bsize=4096 blocks=[1572864](tel:1572864), imaxpct=25
= sunit=0 swidth=0 blks
naming =version 2 bsize=4096 ascii-ci=0 ftype=1
log =internal log bsize=4096 blocks=2560, version=2
= sectsz=512 sunit=0 blks, lazy-count=1
realtime =none extsz=4096 blocks=0, rtextents=0
[root@test ~]# lvm
lvm> pvcreate /dev/sdc2
WARNING: xfs signature detected on /dev/sdc2 at offset 0. Wipe it? [y/n]: y
Wiping xfs signature on /dev/sdc2.
Physical volume "/dev/sdc2" successfully created.
lvm> pvdisplay
--- Physical volume ---
PV Name /dev/sda2
VG Name centos_test
PV Size <19.00 GiB / not usable 3.00 MiB
Allocatable yes (but full)
PE Size 4.00 MiB
Total PE 4863
Free PE 0
Allocated PE 4863
PV UUID 1NVwBS-8EBO-TFtr-sXyg-sgqy-9p0R-zoOnKi

--- Physical volume ---
PV Name /dev/sdb2
VG Name centos_test
PV Size 10.00 GiB / not usable 4.00 MiB
Allocatable yes (but full)
PE Size 4.00 MiB
Total PE 2559
Free PE 0
Allocated PE 2559
PV UUID ZrBZSA-ITH0-fjil-aR6a-4Dms-12ou-nH1Dnq

--- Physical volume ---
PV Name /dev/sdc1
VG Name vg_group
PV Size <3.00 GiB / not usable 3.00 MiB
Allocatable yes 
PE Size 4.00 MiB
Total PE 767
Free PE 24
Allocated PE 743
PV UUID FyONnI-0ARS-WeGR-RYFr-ZCfb-Blk6-PeemZd

"/dev/sdc2" is a new physical volume of "6.00 GiB"
--- NEW Physical volume ---
PV Name /dev/sdc2
VG Name 
PV Size 6.00 GiB
Allocatable NO
PE Size 0 
Total PE 0
Free PE 0
Allocated PE 0
PV UUID Io9uqy-cbY9-6njr-w9X1-0pqj-aJ8g-COyedH

lvm> vgdisplay
--- Volume group ---
VG Name centos_test
System ID 
Format lvm2
Metadata Areas 2
Metadata Sequence No 5
VG Access read/write
VG Status resizable
MAX LV 0
Cur LV 2
Open LV 2
Max PV 0
Cur PV 2
Act PV 2
VG Size 28.99 GiB
PE Size 4.00 MiB
Total PE 7422
Alloc PE / Size 7422 / 28.99 GiB
Free PE / Size 0 / 0 
VG UUID 27Yxyn-WtMI-A8f6-xPPv-aG9m-hAZQ-OfbINP

--- Volume group ---
VG Name vg_group
System ID 
Format lvm2
Metadata Areas 1
Metadata Sequence No 2
VG Access read/write
VG Status resizable
MAX LV 0
Cur LV 1
Open LV 1
Max PV 0
Cur PV 1
Act PV 1
VG Size <3.00 GiB
PE Size 4.00 MiB
Total PE 767
Alloc PE / Size 743 / 2.90 GiB
Free PE / Size 24 / 96.00 MiB
VG UUID G7svsv-Zuup-GimR-SeWk-XM4H-fvyT-M1l7bO

lvm> vgextend vg_group /dev/sdc2
Volume group "vg_group" successfully extended
lvm> lvdisplay
--- Logical volume ---
LV Path /dev/centos_test/swap
LV Name swap
VG Name centos_test
LV UUID 289LKI-7hpD-bPKc-qknI-n2GF-hGk2-Rlv8iK
LV Write Access read/write
LV Creation host, time test, 2019-04-19 11:22:44 +0800
LV Status available
# open 2
LV Size 2.00 GiB
Current LE 512
Segments 1
Allocation inherit
Read ahead sectors auto
- currently set to 8192
Block device 253:1

--- Logical volume ---
LV Path /dev/centos_test/root
LV Name root
VG Name centos_test
LV UUID VkkQHr-h4Dp-oyK9-svQR-ZfQg-FriK-Cqkj6o
LV Write Access read/write
LV Creation host, time test, 2019-04-19 11:22:44 +0800
LV Status available
# open 1
LV Size 26.99 GiB
Current LE 6910
Segments 2
Allocation inherit
Read ahead sectors auto
- currently set to 8192
Block device 253:0

--- Logical volume ---
LV Path /dev/vg_group/lv_group
LV Name lv_group
VG Name vg_group
LV UUID mp3yIb-cTHd-W1rL-rkxY-5cni-IKvB-yeqPtx
LV Write Access read/write
LV Creation host, time test, 2019-04-19 17:24:02 +0800
LV Status available
# open 1
LV Size 2.90 GiB
Current LE 743
Segments 1
Allocation inherit
Read ahead sectors auto
- currently set to 8192
Block device 253:2

lvm> pvdisplay
--- Physical volume ---
PV Name /dev/sda2
VG Name centos_test
PV Size <19.00 GiB / not usable 3.00 MiB
Allocatable yes (but full)
PE Size 4.00 MiB
Total PE 4863
Free PE 0
Allocated PE 4863
PV UUID 1NVwBS-8EBO-TFtr-sXyg-sgqy-9p0R-zoOnKi

--- Physical volume ---
PV Name /dev/sdb2
VG Name centos_test
PV Size 10.00 GiB / not usable 4.00 MiB
Allocatable yes (but full)
PE Size 4.00 MiB
Total PE 2559
Free PE 0
Allocated PE 2559
PV UUID ZrBZSA-ITH0-fjil-aR6a-4Dms-12ou-nH1Dnq

--- Physical volume ---
PV Name /dev/sdc1
VG Name vg_group
PV Size <3.00 GiB / not usable 3.00 MiB
Allocatable yes 
PE Size 4.00 MiB
Total PE 767
Free PE 24
Allocated PE 743
PV UUID FyONnI-0ARS-WeGR-RYFr-ZCfb-Blk6-PeemZd

--- Physical volume ---
PV Name /dev/sdc2
VG Name vg_group
PV Size 6.00 GiB / not usable 4.00 MiB
Allocatable yes 
PE Size 4.00 MiB
Total PE 1535
Free PE 1535
Allocated PE 0
PV UUID Io9uqy-cbY9-6njr-w9X1-0pqj-aJ8g-COyedH

lvm> lvextend -l +1535 /dev/vg_group/lv_group                                           // lvextend -L 单位 kKmMgGtT 字节， lvextend -l 单位 PE 数
Size of logical volume vg_group/lv_group changed from 2.90 GiB (743 extents) to <8.90 GiB (2278 extents).
Logical volume vg_group/lv_group successfully resized.
lvm> lvdisplay
--- Logical volume ---
LV Path /dev/centos_test/swap
LV Name swap
VG Name centos_test
LV UUID 289LKI-7hpD-bPKc-qknI-n2GF-hGk2-Rlv8iK
LV Write Access read/write
LV Creation host, time test, 2019-04-19 11:22:44 +0800
LV Status available
# open 2
LV Size 2.00 GiB
Current LE 512
Segments 1
Allocation inherit
Read ahead sectors auto
- currently set to 8192
Block device 253:1

--- Logical volume ---
LV Path /dev/centos_test/root
LV Name root
VG Name centos_test
LV UUID VkkQHr-h4Dp-oyK9-svQR-ZfQg-FriK-Cqkj6o
LV Write Access read/write
LV Creation host, time test, 2019-04-19 11:22:44 +0800
LV Status available
# open 1
LV Size 26.99 GiB
Current LE 6910
Segments 2
Allocation inherit
Read ahead sectors auto
- currently set to 8192
Block device 253:0

--- Logical volume ---
LV Path /dev/vg_group/lv_group
LV Name lv_group
VG Name vg_group
LV UUID mp3yIb-cTHd-W1rL-rkxY-5cni-IKvB-yeqPtx
LV Write Access read/write
LV Creation host, time test, 2019-04-19 17:24:02 +0800
LV Status available
# open 1
LV Size <8.90 GiB
Current LE 2278
Segments 2
Allocation inherit
Read ahead sectors auto
- currently set to 8192
Block device 253:2

lvm> quit
Exiting.
[root@test ~]# df -h -T
Filesystem Type Size Used Avail Use% Mounted on
/dev/mapper/centos_test-root xfs 27G 1.2G 26G 5% /
devtmpfs devtmpfs 899M 0 899M 0% /dev
tmpfs tmpfs 911M 0 911M 0% /dev/shm
tmpfs tmpfs 911M 9.5M 902M 2% /run
tmpfs tmpfs 911M 0 911M 0% /sys/fs/cgroup
/dev/sdb1 xfs 5.0G 33M 5.0G 1% /data
/dev/sda1 xfs 1014M 142M 873M 14% /boot
/dev/mapper/vg_group-lv_group xfs 2.9G 33M 2.9G 2% /app
tmpfs tmpfs 183M 0 183M 0% /run/user/0
[root@test ~]# xfs_growfs /dev/mapper/vg_group-lv_group                                 // resize2fs /dev/mapper/vg_group-lv_group  (ext4系统文件类型所使用的扩展)
meta-data=/dev/mapper/vg_group-lv_group isize=512 agcount=4, agsize=190208 blks
= sectsz=512 attr=2, projid32bit=1
= crc=1 finobt=0 spinodes=0
data = bsize=4096 blocks=760832, imaxpct=25
= sunit=0 swidth=0 blks
naming =version 2 bsize=4096 ascii-ci=0 ftype=1
log =internal bsize=4096 blocks=2560, version=2
= sectsz=512 sunit=0 blks, lazy-count=1
realtime =none extsz=4096 blocks=0, rtextents=0
data blocks changed from 760832 to [2332672](tel:2332672)
[root@test ~]# df -h -T
Filesystem Type Size Used Avail Use% Mounted on
/dev/mapper/centos_test-root xfs 27G 1.2G 26G 5% /
devtmpfs devtmpfs 899M 0 899M 0% /dev
tmpfs tmpfs 911M 0 911M 0% /dev/shm
tmpfs tmpfs 911M 9.5M 902M 2% /run
tmpfs tmpfs 911M 0 911M 0% /sys/fs/cgroup
/dev/sdb1 xfs 5.0G 33M 5.0G 1% /data
/dev/sda1 xfs 1014M 142M 873M 14% /boot
/dev/mapper/vg_group-lv_group xfs 8.9G 33M 8.9G 1% /app
tmpfs tmpfs 183M 0 183M 0% /run/user/0
[root@test ~]# cat /app/bbb.txt 
qwer
[root@test ~]#

~~~

