[Licensed under the CC BY-NC-SA 4.0](https://creativecommons.org/licenses/by-nc-sa/4.0/deed.zh)

文档不定时更新，如有疑问请及时联系本文作者，当前文档版本1.0.0

~~~
[root@kubernetes ~]# df -h
文件系统 容量 已用 可用 已用% 挂载点
/dev/mapper/centos-root 8.0G 5.7G 2.4G 72% /
devtmpfs 476M 0 476M 0% /dev
tmpfs 488M 0 488M 0% /dev/shm
tmpfs 488M 7.8M 480M 2% /run
tmpfs 488M 0 488M 0% /sys/fs/cgroup
/dev/sda1 1014M 130M 885M 13% /boot
overlay 8.0G 5.7G 2.4G 72% /var/lib/docker/overlay2/ab6da52b45e324834d206b64610a56994b77e3d90a791924786faf70e5a7966a/merged
shm 64M 0 64M 0% /var/lib/docker/containers/6ec81e785133c752dcfbde759dd6a923e3e51570f3c5dc0215aff48451858655/shm
tmpfs 98M 0 98M 0% /run/user/0
[root@kubernetes ~]# fdisk -l
Disk /dev/sda: 53.7 GB, 53687091200 bytes, 104857600 sectors
Units = sectors of 1 * 512 = 512 bytes
Sector size (logical/physical): 512 bytes / 512 bytes
I/O size (minimum/optimal): 512 bytes / 512 bytes
Disk label type: dos
Disk identifier: 0x000a7c4a

Device Boot Start End Blocks Id System
/dev/sda1 * 2048 2099199 1048576 83 Linux
/dev/sda2 2099200 41943039 19921920 8e Linux LVM

Disk /dev/mapper/centos-root: 18.2 GB, 18249416704 bytes, 35643392 sectors
Units = sectors of 1 * 512 = 512 bytes
Sector size (logical/physical): 512 bytes / 512 bytes
I/O size (minimum/optimal): 512 bytes / 512 bytes


Disk /dev/mapper/centos-swap: 2147 MB, 2147483648 bytes, 4194304 sectors
Units = sectors of 1 * 512 = 512 bytes
Sector size (logical/physical): 512 bytes / 512 bytes
I/O size (minimum/optimal): 512 bytes / 512 bytes

[root@kubernetes ~]# fdisk /dev/sda
欢迎使用 fdisk (util-linux 2.23.2)。

更改将停留在内存中，直到您决定将更改写入磁盘。
使用写入命令前请三思。


命令(输入 m 获取帮助)：n
Partition type:
p primary (2 primary, 0 extended, 2 free)
e extended
Select (default p): p
分区号 (3,4，默认 3)：3                                                                    // 或者直接回车
起始 扇区 (20971520-41943039，默认为 20971520)：20971520                                   // 或者直接回车
将使用默认值 20971520
Last 扇区, +扇区 or +size{K,M,G} (20971520-41943039，默认为 41943039)：41943039            // 或者直接回车
分区 3 已设置为 Linux 类型，大小设为 10 GiB

命令(输入 m 获取帮助)：p

磁盘 /dev/sda：21.5 GB, 21474836480 字节，41943040 个扇区
Units = 扇区 of 1 * 512 = 512 bytes
扇区大小(逻辑/物理)：512 字节 / 512 字节
I/O 大小(最小/最佳)：512 字节 / 512 字节
磁盘标签类型：dos
磁盘标识符：0x000a82f0

设备 Boot Start End Blocks Id System
/dev/sda1 * 2048 2099199 1048576 83 Linux
/dev/sda2 2099200 20971519 9436160 8e Linux LVM
/dev/sda3 20971520 41943039 10485760 83 Linux

命令(输入 m 获取帮助)：w
The partition table has been altered!

Calling ioctl() to re-read partition table.

WARNING: Re-reading the partition table failed with error 16: 设备或资源忙.
The kernel still uses the old table. The new table will be used at
the next reboot or after you run partprobe(8) or kpartx(8)
正在同步磁盘。
[root@kubernetes ~]# reboot

Connection closed by foreign host.

Disconnected from remote host(192.168.29.129) at 16:44:10.

Type `help' to learn how to use Xshell prompt.
[c:\~]$ 

Connecting to 192.168.29.129:22...
Connection established.
To escape to local shell, press 'Ctrl+Alt+]'.

WARNING! The remote SSH server rejected X11 forwarding request.
Last login: Fri Dec 7 16:38:07 2018 from 192.168.29.1
[root@kubernetes ~]# 
[root@kubernetes ~]# df -T -h
文件系统 类型 容量 已用 可用 已用% 挂载点
/dev/mapper/centos-root xfs 8.0G 5.7G 2.4G 72% /
devtmpfs devtmpfs 476M 0 476M 0% /dev
tmpfs tmpfs 488M 0 488M 0% /dev/shm
tmpfs tmpfs 488M 7.8M 480M 2% /run
tmpfs tmpfs 488M 0 488M 0% /sys/fs/cgroup
/dev/sda1 xfs 1014M 130M 885M 13% /boot
overlay overlay 8.0G 5.7G 2.4G 72% /var/lib/docker/overlay2/ab6da52b45e324834d206b64610a56994b77e3d90a791924786faf70e5a7966a/merged
shm tmpfs 64M 0 64M 0% /var/lib/docker/containers/6ec81e785133c752dcfbde759dd6a923e3e51570f3c5dc0215aff48451858655/shm
tmpfs tmpfs 98M 0 98M 0% /run/user/0
[root@kubernetes ~]# 
[root@kubernetes ~]# mkfs.xfs /dev/sda3                                                 // 此文件系统类型是xfs 或者为ext4   (格式化操作，慎用)
meta-data=/dev/sda3 isize=512 agcount=4, agsize=655360 blks
= sectsz=512 attr=2, projid32bit=1
= crc=1 finobt=0, sparse=0
data = bsize=4096 blocks=2621440, imaxpct=25
= sunit=0 swidth=0 blks
naming =version 2 bsize=4096 ascii-ci=0 ftype=1
log =internal log bsize=4096 blocks=2560, version=2
= sectsz=512 sunit=0 blks, lazy-count=1
realtime =none extsz=4096 blocks=0, rtextents=0
[root@kubernetes ~]# lvm
lvm> pvcreate /dev/sda3
WARNING: xfs signature detected on /dev/sda3 at offset 0. Wipe it? [y/n]: y
Wiping xfs signature on /dev/sda3.
Physical volume "/dev/sda3" successfully created.
lvm> pvdisplay
--- Physical volume ---
PV Name /dev/sda2
VG Name centos
PV Size <9.00 GiB / not usable 3.00 MiB
Allocatable yes (but full)
PE Size 4.00 MiB
Total PE 2303
Free PE 0
Allocated PE 2303
PV UUID ambWwF-0SnZ-TMTL-8cK8-l8BG-VmxJ-pZgeuW

"/dev/sda3" is a new physical volume of "10.00 GiB"
--- NEW Physical volume ---
PV Name /dev/sda3
VG Name 
PV Size 10.00 GiB
Allocatable NO
PE Size 0 
Total PE 0
Free PE 0
Allocated PE 0
PV UUID 2mK1Jn-vSFj-UVzw-PIts-NiKg-VdWM-cpxzra

lvm> vgdisplay
--- Volume group ---
VG Name centos
System ID 
Format lvm2
Metadata Areas 1
Metadata Sequence No 3
VG Access read/write
VG Status resizable
MAX LV 0
Cur LV 2
Open LV 2
Max PV 0
Cur PV 1
Act PV 1
VG Size <9.00 GiB
PE Size 4.00 MiB
Total PE 2303
Alloc PE / Size 2303 / <9.00 GiB
Free PE / Size 0 / 0 
VG UUID RBe4Et-kpNv-Dg4t-ihLc-vrSg-FsrD-WyhhsK

lvm> vgextend centos /dev/sda3
Volume group "centos" successfully extended
lvm> lvdisplay
--- Logical volume ---
LV Path /dev/centos/swap
LV Name swap
VG Name centos
LV UUID hyluO1-jnde-ip7S-vJTn-0SDx-OD4g-wjgERI
LV Write Access read/write
LV Creation host, time kubernetes, 2018-12-03 18:37:40 +0800
LV Status available
# open 2
LV Size 1.00 GiB
Current LE 256
Segments 1
Allocation inherit
Read ahead sectors auto
- currently set to 8192
Block device 253:1

--- Logical volume ---
LV Path /dev/centos/root
LV Name root
VG Name centos
LV UUID ElnO01-YqzZ-2TPM-hOYy-M53w-jqGg-1y5vEs
LV Write Access read/write
LV Creation host, time kubernetes, 2018-12-03 18:37:40 +0800
LV Status available
# open 1
LV Size <8.00 GiB
Current LE 2047
Segments 1
Allocation inherit
Read ahead sectors auto
- currently set to 8192
Block device 253:0

lvm> pvdisplay
--- Physical volume ---
PV Name /dev/sda2
VG Name centos
PV Size <9.00 GiB / not usable 3.00 MiB
Allocatable yes (but full)
PE Size 4.00 MiB
Total PE 2303
Free PE 0
Allocated PE 2303
PV UUID ambWwF-0SnZ-TMTL-8cK8-l8BG-VmxJ-pZgeuW

--- Physical volume ---
PV Name /dev/sda3
VG Name centos
PV Size 10.00 GiB / not usable 4.00 MiB
Allocatable yes 
PE Size 4.00 MiB
Total PE 2559
Free PE 2559
Allocated PE 0
PV UUID 2mK1Jn-vSFj-UVzw-PIts-NiKg-VdWM-cpxzra


lvm> lvextend -l +2559 /dev/centos/root                                                 // lvextend -L 单位 kKmMgGtT 字节， lvextend -l 单位 PE 数
Size of logical volume centos/root changed from <8.00 GiB (2047 extents) to 17.99 GiB (4606 extents).
Logical volume centos/root successfully resized.
 
lvm> lvdisplay
--- Logical volume ---
LV Path /dev/centos/swap
LV Name swap
VG Name centos
LV UUID hyluO1-jnde-ip7S-vJTn-0SDx-OD4g-wjgERI
LV Write Access read/write
LV Creation host, time kubernetes, 2018-12-03 18:37:40 +0800
LV Status available
# open 2
LV Size 1.00 GiB
Current LE 256
Segments 1
Allocation inherit
Read ahead sectors auto
- currently set to 8192
Block device 253:1

--- Logical volume ---
LV Path /dev/centos/root
LV Name root
VG Name centos
LV UUID ElnO01-YqzZ-2TPM-hOYy-M53w-jqGg-1y5vEs
LV Write Access read/write
LV Creation host, time kubernetes, 2018-12-03 18:37:40 +0800
LV Status available
# open 1
LV Size 17.99 GiB
Current LE 4606
Segments 2
Allocation inherit
Read ahead sectors auto
- currently set to 8192
Block device 253:0


lvm> quit
Exiting.
 
[root@kubernetes ~]# df -T -h
文件系统 类型 容量 已用 可用 已用% 挂载点
/dev/mapper/centos-root xfs 8.0G 5.7G 2.4G 72% /
devtmpfs devtmpfs 476M 0 476M 0% /dev
tmpfs tmpfs 488M 0 488M 0% /dev/shm
tmpfs tmpfs 488M 7.8M 480M 2% /run
tmpfs tmpfs 488M 0 488M 0% /sys/fs/cgroup
/dev/sda1 xfs 1014M 130M 885M 13% /boot
overlay overlay 8.0G 5.7G 2.4G 72% /var/lib/docker/overlay2/ab6da52b45e324834d206b64610a56994b77e3d90a791924786faf70e5a7966a/merged
shm tmpfs 64M 0 64M 0% /var/lib/docker/containers/6ec81e785133c752dcfbde759dd6a923e3e51570f3c5dc0215aff48451858655/shm
tmpfs tmpfs 98M 0 98M 0% /run/user/0
[root@kubernetes ~]# resize2fs /dev/mapper/centos-root                                    // 这个是ext4系统文件类型所使用的扩展
resize2fs 1.42.9 (28-Dec-2013)
resize2fs: Bad magic number in super-block 当尝试打开 /dev/mapper/centos-root 时
找不到有效的文件系统超级块.
[root@kubernetes ~]# 
[root@kubernetes ~]# 
[root@kubernetes ~]# 
[root@kubernetes ~]# 
[root@kubernetes ~]# xfs_growfs /dev/mapper/centos-root                                   // 这个是xfs系统文件类型所使用的扩展
meta-data=/dev/mapper/centos-root isize=512 agcount=4, agsize=524032 blks
= sectsz=512 attr=2, projid32bit=1
= crc=1 finobt=0 spinodes=0
data = bsize=4096 blocks=2096128, imaxpct=25
= sunit=0 swidth=0 blks
naming =version 2 bsize=4096 ascii-ci=0 ftype=1
log =internal bsize=4096 blocks=2560, version=2
= sectsz=512 sunit=0 blks, lazy-count=1
realtime =none extsz=4096 blocks=0, rtextents=0
data blocks changed from 2096128 to 4716544
[root@kubernetes ~]# df -T -h
文件系统 类型 容量 已用 可用 已用% 挂载点
/dev/mapper/centos-root xfs 18G 5.7G 13G 32% /
devtmpfs devtmpfs 476M 0 476M 0% /dev
tmpfs tmpfs 488M 0 488M 0% /dev/shm
tmpfs tmpfs 488M 7.8M 480M 2% /run
tmpfs tmpfs 488M 0 488M 0% /sys/fs/cgroup
/dev/sda1 xfs 1014M 130M 885M 13% /boot
overlay overlay 18G 5.7G 13G 32% /var/lib/docker/overlay2/ab6da52b45e324834d206b64610a56994b77e3d90a791924786faf70e5a7966a/merged
shm tmpfs 64M 0 64M 0% /var/lib/docker/containers/6ec81e785133c752dcfbde759dd6a923e3e51570f3c5dc0215aff48451858655/shm
tmpfs tmpfs 98M 0 98M 0% /run/user/0
[root@kubernetes ~]# 

~~~