[Licensed under the CC BY-NC-SA 4.0](https://creativecommons.org/licenses/by-nc-sa/4.0/deed.zh) 

文档不定时更新，如有疑问请及时联系本文作者，当前文档版本1.0.0

**适用于容量>2TB** 

[新增磁盘](https://help.aliyun.com/document_detail/34377.html) 

~~~bash
[root@prometheus ~]# yum install -y parted e2fsprogs
[root@prometheus ~]# fdisk -l
Disk /dev/sdb: 10.7 GB, 10737418240 bytes, 20971520 sectors
Units = sectors of 1 * 512 = 512 bytes
Sector size (logical/physical): 512 bytes / 512 bytes
I/O size (minimum/optimal): 512 bytes / 512 bytes

[root@prometheus ~]# parted /dev/sdb
(parted) mklabel gpt
(parted) mkpart primary 1 100%
(parted) align-check optimal 1
1 aligned
(parted) print
Model: VMware Virtual disk (scsi)
Disk /dev/sdb: 10.7GB
Sector size (logical/physical): 512B/512B
Partition Table: gpt
Disk Flags: 

Number  Start   End     Size    File system  Name     Flags
 1      1049kB  10.7GB  10.7GB               primary

(parted) quit

(parted) help mklabel
  mklabel,mktable LABEL-TYPE               create a new disklabel (partition table)

	LABEL-TYPE is one of: aix, amiga, bsd, dvh, gpt, mac, msdos, pc98, sun, loop
(parted) help mkpart                                                      
  mkpart PART-TYPE [FS-TYPE] START END     make a partition

	PART-TYPE is one of: primary, logical, extended
        FS-TYPE is one of: btrfs, nilfs2, ext4, ext3, ext2, fat32, fat16, hfsx, hfs+, hfs, jfs, swsusp, linux-swap(v1), linux-swap(v0), ntfs, reiserfs, hp-ufs, sun-ufs, xfs, apfs2, apfs1, asfs, amufs5,
        amufs4, amufs3, amufs2, amufs1, amufs0, amufs, affs7, affs6, affs5, affs4, affs3, affs2, affs1, affs0, linux-swap, linux-swap(new), linux-swap(old)
        START and END are disk locations, such as 4GB or 10%.  Negative values count from the end of the disk.  For example, -1s specifies exactly the last sector.
        
        'mkpart' makes a partition without creating a new file system on the partition.  FS-TYPE may be specified to set an appropriate partition ID.
(parted)
[root@prometheus ~]# partprobe
[root@prometheus ~]# mkfs.xfs /dev/sdb1
[root@prometheus ~]# mkdir -pv /data
[root@prometheus ~]# mount /dev/sdb1 /data
[root@prometheus ~]# df -hT
[root@prometheus ~]# blkid
[root@prometheus ~]# vi /etc/fstab
[root@prometheus ~]# 
~~~

[扩展磁盘](https://help.aliyun.com/document_detail/25452.html) 

~~~bash
[root@prometheus ~]# fdisk -l
Disk /dev/sdb: 14.0 GB, 13958643712 bytes, 27262976 sectors
Units = sectors of 1 * 512 = 512 bytes
Sector size (logical/physical): 512 bytes / 512 bytes
I/O size (minimum/optimal): 512 bytes / 512 bytes
Disk label type: dos
Disk identifier: 0x00000000

   Device Boot      Start         End      Blocks   Id  System
/dev/sdb1               1    20971519    10485759+  ee  GPT

[root@prometheus ~]# df -hT
[root@prometheus ~]# umount /dev/sdb1
[root@prometheus ~]# parted /dev/sdb
(parted) print
odel: VMware Virtual disk (scsi)
Disk /dev/sdb: 14.0GB
Sector size (logical/physical): 512B/512B
Partition Table: gpt
Disk Flags: 

Number  Start   End     Size    File system  Name     Flags
 1      1049kB  10.7GB  10.7GB               primary

(parted) rm 1                                                                           // 删除分区
(parted) mkpart primary 1049kB 100%                                                     // 或者 mkpart primary 1 100%
(parted) print
Model: VMware Virtual disk (scsi)
Disk /dev/sdb: 14.0GB
Sector size (logical/physical): 512B/512B
Partition Table: gpt
Disk Flags: 

Number  Start   End     Size    File system  Name     Flags
 1      1049kB  14.0GB  14.0GB               primary

(parted) quit
[root@prometheus ~]# fsck -f /dev/sdb1
[root@prometheus ~]# xfs_growfs /dev/sdb1                                               // resize2fs /dev/sdb1   (ext4系统文件类型所使用的扩展)
[root@prometheus ~]# mount /dev/sdb1 /data
[root@prometheus ~]# df -hT
~~~

[在线扩展磁盘](https://docs.microsoft.com/zh-cn/azure/virtual-machines/linux/expand-disks) 

~~~bash
[root@prometheus ~]# fdisk -l
Disk /dev/sdb: 20.4 GB, 20401094656 bytes, 39845888 sectors
Units = sectors of 1 * 512 = 512 bytes
Sector size (logical/physical): 512 bytes / 512 bytes
I/O size (minimum/optimal): 512 bytes / 512 bytes
Disk label type: dos
Disk identifier: 0x00000000

   Device Boot      Start         End      Blocks   Id  System
/dev/sdb1               1    27262975    13631487+  ee  GPT

[root@prometheus ~]# df -hT
[root@prometheus ~]# yum install -y gdisk cloud-utils-growpart
[root@prometheus ~]# sgdisk --list-types
0700 Microsoft basic data  0c01 Microsoft reserved    2700 Windows RE          
3000 ONIE boot             3001 ONIE config           4100 PowerPC PReP boot   
4200 Windows LDM data      4201 Windows LDM metadata  7501 IBM GPFS            
7f00 ChromeOS kernel       7f01 ChromeOS root         7f02 ChromeOS reserved   
8200 Linux swap            8300 Linux filesystem      8301 Linux reserved      
8302 Linux /home           8400 Intel Rapid Start     8e00 Linux LVM           
a500 FreeBSD disklabel     a501 FreeBSD boot          a502 FreeBSD swap        
a503 FreeBSD UFS           a504 FreeBSD ZFS           a505 FreeBSD Vinum/RAID  
a580 Midnight BSD data     a581 Midnight BSD boot     a582 Midnight BSD swap   
a583 Midnight BSD UFS      a584 Midnight BSD ZFS      a585 Midnight BSD Vinum  
a800 Apple UFS             a901 NetBSD swap           a902 NetBSD FFS          
a903 NetBSD LFS            a904 NetBSD concatenated   a905 NetBSD encrypted    
a906 NetBSD RAID           ab00 Apple boot            af00 Apple HFS/HFS+      
af01 Apple RAID            af02 Apple RAID offline    af03 Apple label         
af04 AppleTV recovery      af05 Apple Core Storage    be00 Solaris boot        
bf00 Solaris root          bf01 Solaris /usr & Mac Z  bf02 Solaris swap        
bf03 Solaris backup        bf04 Solaris /var          bf05 Solaris /home       
bf06 Solaris alternate se  bf07 Solaris Reserved 1    bf08 Solaris Reserved 2  
bf09 Solaris Reserved 3    bf0a Solaris Reserved 4    bf0b Solaris Reserved 5  
c001 HP-UX data            c002 HP-UX service         ea00 Freedesktop $BOOT   
eb00 Haiku BFS             ed00 Sony system partitio  ed01 Lenovo system partit
ef00 EFI System            ef01 MBR partition scheme  ef02 BIOS boot partition 
fb00 VMWare VMFS           fb01 VMWare reserved       fc00 VMWare kcore crash p
fd00 Linux RAID            
[root@prometheus ~]# parted /dev/sdb
(parted) print
Model: VMware Virtual disk (scsi)
Disk /dev/sdb: 20.4GB
Sector size (logical/physical): 512B/512B
Partition Table: gpt
Disk Flags: 

Number  Start   End     Size    File system  Name     Flags
 1      1049kB  14.0GB  14.0GB               primary

(parted) resizepart 1 100%                                                              // 扩展或缩减 (resizepart NUMBER END                    resize partition NUMBER)
(parted) print
Model: VMware Virtual disk (scsi)
Disk /dev/sdb: 20.4GB
Sector size (logical/physical): 512B/512B
Partition Table: gpt
Disk Flags: 

Number  Start   End     Size    File system  Name     Flags
 1      1049kB  20.4GB  20.4GB               primary

(parted) quit 
[root@prometheus ~]# xfs_growfs /dev/sdb1                                               // resize2fs /dev/sdb1   (ext4系统文件类型所使用的扩展)
[root@prometheus ~]# df -hT
~~~