[Licensed under the CC BY-NC-SA 4.0](https://creativecommons.org/licenses/by-nc-sa/4.0/deed.zh)

文档不定时更新，如有疑问请及时联系本文作者，当前文档版本1.0.0

[Recommended System Swap Space](https://access.redhat.com/documentation/en-us/red_hat_enterprise_linux/7/html/storage_administration_guide/ch-swapspace) 

| Amount of RAM in the system | Recommended swap space     | Recommended swap space if allowing for hibernation |
| --------------------------- | -------------------------- | -------------------------------------------------- |
| ⩽ 2 GB                      | 2 times the amount of RAM  | 3 times the amount of RAM                          |
| \> 2 GB – 8 GB              | Equal to the amount of RAM | 2 times the amount of RAM                          |
| \> 8 GB – 64 GB             | At least 4 GB              | 1.5 times the amount of RAM                        |
| \> 64 GB                    | At least 4 GB              | Hibernation not recommended                        |

~~~bash
// 临时关闭
[root@oa ~]# sudo swapoff -a
// 临时开启
[root@oa ~]# sudo swapon -a
// 最小化操作系统交换内存swap的频率(swappiness设置为1比设置为0要好，因为在一些内核版本swappiness设置为0会触发系统OOM-killer（注：Linux内核的Out of Memory（OOM）killer 机制）。)
[root@oa ~]# vi /etc/sysctl.conf
vm.swappiness = 1
[root@oa ~]# sysctl -p
~~~

###### 新增(dd)

~~~bash
[root@kibana opt]# dd if=/dev/zero of=/opt/swapfile bs=1M count=1024
1024+0 records in
1024+0 records out
1073741824 bytes (1.1 GB) copied, 0.789082 s, 1.4 GB/s
[root@kibana opt]# 
[root@kibana opt]# ll /opt/swapfile 
-rw-r--r-- 1 root root 1073741824 Feb 23 14:58 /opt/swapfile
[root@kibana opt]# swapoff /dev/mapper/centos-swap
[root@kibana opt]# 
[root@kibana opt]# free -h
              total        used        free      shared  buff/cache   available
Mem:           3.7G         87M        2.5G        8.5M        1.1G        3.4G
Swap:            0B          0B          0B
[root@kibana opt]# mkswap /opt/swapfile 
Setting up swapspace version 1, size = 1048572 KiB
no label, UUID=3f700245-bb77-4d9f-a80a-5b18d07facaf
[root@kibana opt]# 
[root@kibana opt]# chmod 600 /opt/swapfile             # 或者 chmod 644 /opt/swapfile
[root@kibana opt]# swapon /opt/swapfile
[root@kibana opt]# free -h
              total        used        free      shared  buff/cache   available
Mem:           3.7G         87M        2.5G        8.5M        1.1G        3.4G
Swap:          1.0G          0B        1.0G
[root@kibana opt]# 
~~~

###### 扩展(LVM)

~~~bash
[root@kibana opt]# df -hT
Filesystem              Type      Size  Used Avail Use% Mounted on
/dev/mapper/centos-root xfs       8.0G  6.1G  2.0G  76% /
devtmpfs                devtmpfs  1.9G     0  1.9G   0% /dev
tmpfs                   tmpfs     1.9G     0  1.9G   0% /dev/shm
tmpfs                   tmpfs     1.9G   33M  1.9G   2% /run
tmpfs                   tmpfs     1.9G     0  1.9G   0% /sys/fs/cgroup
/dev/vda1               xfs      1014M  142M  873M  14% /boot
tmpfs                   tmpfs     380M     0  380M   0% /run/user/0
[root@kibana opt]# free -h
              total        used        free      shared  buff/cache   available
Mem:           3.7G         88M        3.5G         32M        153M        3.4G
Swap:          1.0G          0B        1.0G
[root@kibana opt]# fdisk -l

Disk /dev/vda: 10.7 GB, 10737418240 bytes, 20971520 sectors
Units = sectors of 1 * 512 = 512 bytes
Sector size (logical/physical): 512 bytes / 512 bytes
I/O size (minimum/optimal): 512 bytes / 512 bytes
Disk label type: dos
Disk identifier: 0x000aeb92

   Device Boot      Start         End      Blocks   Id  System
/dev/vda1   *        2048     2099199     1048576   83  Linux
/dev/vda2         2099200    20971519     9436160   8e  Linux LVM

Disk /dev/mapper/centos-root: 8585 MB, 8585740288 bytes, 16769024 sectors
Units = sectors of 1 * 512 = 512 bytes
Sector size (logical/physical): 512 bytes / 512 bytes
I/O size (minimum/optimal): 512 bytes / 512 bytes


Disk /dev/mapper/centos-swap: 1073 MB, 1073741824 bytes, 2097152 sectors
Units = sectors of 1 * 512 = 512 bytes
Sector size (logical/physical): 512 bytes / 512 bytes
I/O size (minimum/optimal): 512 bytes / 512 bytes

[root@kibana opt]# pvs
  PV         VG     Fmt  Attr PSize  PFree
  /dev/vda2  centos lvm2 a--  <9.00g    0 
[root@kibana opt]# vgs
  VG     #PV #LV #SN Attr   VSize  VFree
  centos   1   2   0 wz--n- <9.00g    0 
[root@kibana opt]# lvs
  LV   VG     Attr       LSize  Pool Origin Data%  Meta%  Move Log Cpy%Sync Convert
  root centos -wi-ao---- <8.00g                                                    
  swap centos -wi-ao----  1.00g                                                    
[root@kibana opt]# lvdisplay
  --- Logical volume ---
  LV Path                /dev/centos/swap
  LV Name                swap
  VG Name                centos
  LV UUID                cwHFcv-BGZW-eK34-Kduz-qzOz-RdAS-J3Gfqi
  LV Write Access        read/write
  LV Creation host, time kibana, 2020-06-15 15:01:17 +0800
  LV Status              available
  # open                 2
  LV Size                1.00 GiB
  Current LE             256
  Segments               1
  Allocation             inherit
  Read ahead sectors     auto
  - currently set to     8192
  Block device           253:1
   
  --- Logical volume ---
  LV Path                /dev/centos/root
  LV Name                root
  VG Name                centos
  LV UUID                kL704f-w1uh-Bo67-gg6l-KRZM-NtwD-SDn6WJ
  LV Write Access        read/write
  LV Creation host, time kibana, 2020-06-15 15:01:18 +0800
  LV Status              available
  # open                 1
  LV Size                <8.00 GiB
  Current LE             2047
  Segments               1
  Allocation             inherit
  Read ahead sectors     auto
  - currently set to     8192
  Block device           253:0
   
[root@kibana opt]# vgdisplay
  --- Volume group ---
  VG Name               centos
  System ID             
  Format                lvm2
  Metadata Areas        1
  Metadata Sequence No  3
  VG Access             read/write
  VG Status             resizable
  MAX LV                0
  Cur LV                2
  Open LV               2
  Max PV                0
  Cur PV                1
  Act PV                1
  VG Size               <9.00 GiB
  PE Size               4.00 MiB
  Total PE              2303
  Alloc PE / Size       2303 / <9.00 GiB
  Free  PE / Size       0 / 0   
  VG UUID               vjUQrB-bmsK-Vxm1-Agbf-z8v6-0pWa-PrBTyG
   
[root@kibana opt]# pvdisplay
  --- Physical volume ---
  PV Name               /dev/vda2
  VG Name               centos
  PV Size               <9.00 GiB / not usable 3.00 MiB
  Allocatable           yes (but full)
  PE Size               4.00 MiB
  Total PE              2303
  Free PE               0
  Allocated PE          2303
  PV UUID               CzamGn-Md3h-FZrf-3A5d-GFXf-SbHt-RCPZUr
   
[root@kibana opt]# 
[root@kibana opt]# shutdown -h now
[root@kibana ~]# 
[root@kibana ~]# fdisk -l

Disk /dev/vda: 17.2 GB, 17179869184 bytes, 33554432 sectors
Units = sectors of 1 * 512 = 512 bytes
Sector size (logical/physical): 512 bytes / 512 bytes
I/O size (minimum/optimal): 512 bytes / 512 bytes
Disk label type: dos
Disk identifier: 0x000aeb92

   Device Boot      Start         End      Blocks   Id  System
/dev/vda1   *        2048     2099199     1048576   83  Linux
/dev/vda2         2099200    20971519     9436160   8e  Linux LVM

Disk /dev/mapper/centos-root: 8585 MB, 8585740288 bytes, 16769024 sectors
Units = sectors of 1 * 512 = 512 bytes
Sector size (logical/physical): 512 bytes / 512 bytes
I/O size (minimum/optimal): 512 bytes / 512 bytes


Disk /dev/mapper/centos-swap: 1073 MB, 1073741824 bytes, 2097152 sectors
Units = sectors of 1 * 512 = 512 bytes
Sector size (logical/physical): 512 bytes / 512 bytes
I/O size (minimum/optimal): 512 bytes / 512 bytes

[root@kibana ~]# df -hT
Filesystem              Type      Size  Used Avail Use% Mounted on
/dev/mapper/centos-root xfs       8.0G  6.1G  2.0G  76% /
devtmpfs                devtmpfs  1.9G     0  1.9G   0% /dev
tmpfs                   tmpfs     1.9G     0  1.9G   0% /dev/shm
tmpfs                   tmpfs     1.9G  8.5M  1.9G   1% /run
tmpfs                   tmpfs     1.9G     0  1.9G   0% /sys/fs/cgroup
/dev/vda1               xfs      1014M  142M  873M  14% /boot
tmpfs                   tmpfs     380M     0  380M   0% /run/user/0
[root@kibana ~]# 
[root@kibana ~]# free -h
              total        used        free      shared  buff/cache   available
Mem:           3.7G         87M        3.5G        8.5M        117M        3.4G
Swap:          1.0G          0B        1.0G
[root@kibana ~]# pvs
  PV         VG     Fmt  Attr PSize  PFree
  /dev/vda2  centos lvm2 a--  <9.00g    0 
[root@kibana ~]# vgs
  VG     #PV #LV #SN Attr   VSize  VFree
  centos   1   2   0 wz--n- <9.00g    0 
[root@kibana ~]# lvs
  LV   VG     Attr       LSize  Pool Origin Data%  Meta%  Move Log Cpy%Sync Convert
  root centos -wi-ao---- <8.00g                                                    
  swap centos -wi-ao----  1.00g                                                    
[root@kibana ~]# cat /etc/fstab 

#
# /etc/fstab
# Created by anaconda on Mon Jun 15 15:01:18 2020
#
# Accessible filesystems, by reference, are maintained under '/dev/disk'
# See man pages fstab(5), findfs(8), mount(8) and/or blkid(8) for more info
#
/dev/mapper/centos-root /                       xfs     defaults        0 0
UUID=f00df34b-0f9b-4673-a286-8e91d0b9bc08 /boot                   xfs     defaults        0 0
/dev/mapper/centos-swap swap                    swap    defaults        0 0
[root@kibana ~]# lvdisplay
  --- Logical volume ---
  LV Path                /dev/centos/swap
  LV Name                swap
  VG Name                centos
  LV UUID                cwHFcv-BGZW-eK34-Kduz-qzOz-RdAS-J3Gfqi
  LV Write Access        read/write
  LV Creation host, time kibana, 2020-06-15 15:01:17 +0800
  LV Status              available
  # open                 2
  LV Size                1.00 GiB
  Current LE             256
  Segments               1
  Allocation             inherit
  Read ahead sectors     auto
  - currently set to     8192
  Block device           253:1
   
  --- Logical volume ---
  LV Path                /dev/centos/root
  LV Name                root
  VG Name                centos
  LV UUID                kL704f-w1uh-Bo67-gg6l-KRZM-NtwD-SDn6WJ
  LV Write Access        read/write
  LV Creation host, time kibana, 2020-06-15 15:01:18 +0800
  LV Status              available
  # open                 1
  LV Size                <8.00 GiB
  Current LE             2047
  Segments               1
  Allocation             inherit
  Read ahead sectors     auto
  - currently set to     8192
  Block device           253:0
   
[root@kibana ~]# vgdisplay
  --- Volume group ---
  VG Name               centos
  System ID             
  Format                lvm2
  Metadata Areas        1
  Metadata Sequence No  3
  VG Access             read/write
  VG Status             resizable
  MAX LV                0
  Cur LV                2
  Open LV               2
  Max PV                0
  Cur PV                1
  Act PV                1
  VG Size               <9.00 GiB
  PE Size               4.00 MiB
  Total PE              2303
  Alloc PE / Size       2303 / <9.00 GiB
  Free  PE / Size       0 / 0   
  VG UUID               vjUQrB-bmsK-Vxm1-Agbf-z8v6-0pWa-PrBTyG
   
[root@kibana ~]# pvdisplay
  --- Physical volume ---
  PV Name               /dev/vda2
  VG Name               centos
  PV Size               <9.00 GiB / not usable 3.00 MiB
  Allocatable           yes (but full)
  PE Size               4.00 MiB
  Total PE              2303
  Free PE               0
  Allocated PE          2303
  PV UUID               CzamGn-Md3h-FZrf-3A5d-GFXf-SbHt-RCPZUr
   
[root@kibana ~]# 
[root@kibana ~]# swapoff /dev/mapper/centos-swap
[root@kibana ~]# 
[root@kibana ~]# free -h
              total        used        free      shared  buff/cache   available
Mem:           3.7G         86M        3.5G        8.5M        117M        3.4G
Swap:            0B          0B          0B
[root@kibana ~]# 
[root@kibana ~]#
[root@kibana ~]# 
[root@kibana ~]# fdisk -l

Disk /dev/vda: 17.2 GB, 17179869184 bytes, 33554432 sectors
Units = sectors of 1 * 512 = 512 bytes
Sector size (logical/physical): 512 bytes / 512 bytes
I/O size (minimum/optimal): 512 bytes / 512 bytes
Disk label type: dos
Disk identifier: 0x000aeb92

   Device Boot      Start         End      Blocks   Id  System
/dev/vda1   *        2048     2099199     1048576   83  Linux
/dev/vda2         2099200    20971519     9436160   8e  Linux LVM

Disk /dev/mapper/centos-root: 8585 MB, 8585740288 bytes, 16769024 sectors
Units = sectors of 1 * 512 = 512 bytes
Sector size (logical/physical): 512 bytes / 512 bytes
I/O size (minimum/optimal): 512 bytes / 512 bytes


Disk /dev/mapper/centos-swap: 1073 MB, 1073741824 bytes, 2097152 sectors
Units = sectors of 1 * 512 = 512 bytes
Sector size (logical/physical): 512 bytes / 512 bytes
I/O size (minimum/optimal): 512 bytes / 512 bytes

[root@kibana ~]# 
[root@kibana ~]# 
[root@kibana ~]# fdisk /dev/vda
Welcome to fdisk (util-linux 2.23.2).

Changes will remain in memory only, until you decide to write them.
Be careful before using the write command.


Command (m for help): m
Command action
   a   toggle a bootable flag
   b   edit bsd disklabel
   c   toggle the dos compatibility flag
   d   delete a partition
   g   create a new empty GPT partition table
   G   create an IRIX (SGI) partition table
   l   list known partition types
   m   print this menu
   n   add a new partition
   o   create a new empty DOS partition table
   p   print the partition table
   q   quit without saving changes
   s   create a new empty Sun disklabel
   t   change a partition's system id
   u   change display/entry units
   v   verify the partition table
   w   write table to disk and exit
   x   extra functionality (experts only)

Command (m for help): n
Partition type:
   p   primary (2 primary, 0 extended, 2 free)
   e   extended
Select (default p): 
Using default response p
Partition number (3,4, default 3): 
First sector (20971520-33554431, default 20971520): 
Using default value 20971520
Last sector, +sectors or +size{K,M,G} (20971520-33554431, default 33554431): 
Using default value 33554431
Partition 3 of type Linux and of size 6 GiB is set

Command (m for help): t
Partition number (1-3, default 3): 
Hex code (type L to list all codes): L

 0  Empty           24  NEC DOS         81  Minix / old Lin bf  Solaris        
 1  FAT12           27  Hidden NTFS Win 82  Linux swap / So c1  DRDOS/sec (FAT-
 2  XENIX root      39  Plan 9          83  Linux           c4  DRDOS/sec (FAT-
 3  XENIX usr       3c  PartitionMagic  84  OS/2 hidden C:  c6  DRDOS/sec (FAT-
 4  FAT16 <32M      40  Venix 80286     85  Linux extended  c7  Syrinx         
 5  Extended        41  PPC PReP Boot   86  NTFS volume set da  Non-FS data    
 6  FAT16           42  SFS             87  NTFS volume set db  CP/M / CTOS / .
 7  HPFS/NTFS/exFAT 4d  QNX4.x          88  Linux plaintext de  Dell Utility   
 8  AIX             4e  QNX4.x 2nd part 8e  Linux LVM       df  BootIt         
 9  AIX bootable    4f  QNX4.x 3rd part 93  Amoeba          e1  DOS access     
 a  OS/2 Boot Manag 50  OnTrack DM      94  Amoeba BBT      e3  DOS R/O        
 b  W95 FAT32       51  OnTrack DM6 Aux 9f  BSD/OS          e4  SpeedStor      
 c  W95 FAT32 (LBA) 52  CP/M            a0  IBM Thinkpad hi eb  BeOS fs        
 e  W95 FAT16 (LBA) 53  OnTrack DM6 Aux a5  FreeBSD         ee  GPT            
 f  W95 Ext'd (LBA) 54  OnTrackDM6      a6  OpenBSD         ef  EFI (FAT-12/16/
10  OPUS            55  EZ-Drive        a7  NeXTSTEP        f0  Linux/PA-RISC b
11  Hidden FAT12    56  Golden Bow      a8  Darwin UFS      f1  SpeedStor      
12  Compaq diagnost 5c  Priam Edisk     a9  NetBSD          f4  SpeedStor      
14  Hidden FAT16 <3 61  SpeedStor       ab  Darwin boot     f2  DOS secondary  
16  Hidden FAT16    63  GNU HURD or Sys af  HFS / HFS+      fb  VMware VMFS    
17  Hidden HPFS/NTF 64  Novell Netware  b7  BSDI fs         fc  VMware VMKCORE 
18  AST SmartSleep  65  Novell Netware  b8  BSDI swap       fd  Linux raid auto
1b  Hidden W95 FAT3 70  DiskSecure Mult bb  Boot Wizard hid fe  LANstep        
1c  Hidden W95 FAT3 75  PC/IX           be  Solaris boot    ff  BBT            
1e  Hidden W95 FAT1 80  Old Minix      
Hex code (type L to list all codes): 8e
Changed type of partition 'Linux' to 'Linux LVM'

Command (m for help): p

Disk /dev/vda: 17.2 GB, 17179869184 bytes, 33554432 sectors
Units = sectors of 1 * 512 = 512 bytes
Sector size (logical/physical): 512 bytes / 512 bytes
I/O size (minimum/optimal): 512 bytes / 512 bytes
Disk label type: dos
Disk identifier: 0x000aeb92

   Device Boot      Start         End      Blocks   Id  System
/dev/vda1   *        2048     2099199     1048576   83  Linux
/dev/vda2         2099200    20971519     9436160   8e  Linux LVM
/dev/vda3        20971520    33554431     6291456   8e  Linux LVM

Command (m for help): w
The partition table has been altered!

Calling ioctl() to re-read partition table.

WARNING: Re-reading the partition table failed with error 16: Device or resource busy.
The kernel still uses the old table. The new table will be used at
the next reboot or after you run partprobe(8) or kpartx(8)
Syncing disks.
[root@kibana ~]# 
[root@kibana ~]# shutdown -r now
[root@kibana ~]# 
[root@kibana ~]# fdisk -l

Disk /dev/vda: 17.2 GB, 17179869184 bytes, 33554432 sectors
Units = sectors of 1 * 512 = 512 bytes
Sector size (logical/physical): 512 bytes / 512 bytes
I/O size (minimum/optimal): 512 bytes / 512 bytes
Disk label type: dos
Disk identifier: 0x000aeb92

   Device Boot      Start         End      Blocks   Id  System
/dev/vda1   *        2048     2099199     1048576   83  Linux
/dev/vda2         2099200    20971519     9436160   8e  Linux LVM
/dev/vda3        20971520    33554431     6291456   8e  Linux LVM

Disk /dev/mapper/centos-root: 8585 MB, 8585740288 bytes, 16769024 sectors
Units = sectors of 1 * 512 = 512 bytes
Sector size (logical/physical): 512 bytes / 512 bytes
I/O size (minimum/optimal): 512 bytes / 512 bytes


Disk /dev/mapper/centos-swap: 1073 MB, 1073741824 bytes, 2097152 sectors
Units = sectors of 1 * 512 = 512 bytes
Sector size (logical/physical): 512 bytes / 512 bytes
I/O size (minimum/optimal): 512 bytes / 512 bytes

[root@kibana ~]# lvm
lvm> pvcreate /dev/vda3
  Physical volume "/dev/vda3" successfully created.
lvm> vgextend centos /dev/vda3
  Volume group "centos" successfully extended
lvm> pvs
  PV         VG     Fmt  Attr PSize  PFree 
  /dev/vda2  centos lvm2 a--  <9.00g     0 
  /dev/vda3  centos lvm2 a--  <6.00g <6.00g
lvm> pvdisplay
  --- Physical volume ---
  PV Name               /dev/vda2
  VG Name               centos
  PV Size               <9.00 GiB / not usable 2.00 MiB
  Allocatable           yes (but full)
  PE Size               4.00 MiB
  Total PE              2303
  Free PE               0
  Allocated PE          2303
  PV UUID               CzamGn-Md3h-FZrf-3A5d-GFXf-SbHt-RCPZUr
   
  --- Physical volume ---
  PV Name               /dev/vda3
  VG Name               centos
  PV Size               6.00 GiB / not usable 4.00 MiB
  Allocatable           yes 
  PE Size               4.00 MiB
  Total PE              1535
  Free PE               1535
  Allocated PE          0
  PV UUID               bmmPwn-xYVq-jYh0-8br4-rwiu-eQ14-IbyaWX
   
lvm> vgs
  VG     #PV #LV #SN Attr   VSize  VFree 
  centos   2   2   0 wz--n- 14.99g <6.00g
lvm> vgdisplay
  --- Volume group ---
  VG Name               centos
  System ID             
  Format                lvm2
  Metadata Areas        2
  Metadata Sequence No  5
  VG Access             read/write
  VG Status             resizable
  MAX LV                0
  Cur LV                2
  Open LV               2
  Max PV                0
  Cur PV                2
  Act PV                2
  VG Size               14.99 GiB
  PE Size               4.00 MiB
  Total PE              3838
  Alloc PE / Size       2303 / <9.00 GiB
  Free  PE / Size       1535 / <6.00 GiB
  VG UUID               vjUQrB-bmsK-Vxm1-Agbf-z8v6-0pWa-PrBTyG
   
lvm> exit
  Exiting.
[root@kibana ~]# 
[root@kibana ~]# free -h
              total        used        free      shared  buff/cache   available
Mem:           3.7G         87M        3.5G        8.5M        117M        3.4G
Swap:          1.0G          0B        1.0G
[root@kibana ~]# fdisk -l

Disk /dev/vda: 17.2 GB, 17179869184 bytes, 33554432 sectors
Units = sectors of 1 * 512 = 512 bytes
Sector size (logical/physical): 512 bytes / 512 bytes
I/O size (minimum/optimal): 512 bytes / 512 bytes
Disk label type: dos
Disk identifier: 0x000aeb92

   Device Boot      Start         End      Blocks   Id  System
/dev/vda1   *        2048     2099199     1048576   83  Linux
/dev/vda2         2099200    20971519     9436160   8e  Linux LVM
/dev/vda3        20971520    33554431     6291456   8e  Linux LVM

Disk /dev/mapper/centos-root: 8585 MB, 8585740288 bytes, 16769024 sectors
Units = sectors of 1 * 512 = 512 bytes
Sector size (logical/physical): 512 bytes / 512 bytes
I/O size (minimum/optimal): 512 bytes / 512 bytes


Disk /dev/mapper/centos-swap: 1073 MB, 1073741824 bytes, 2097152 sectors
Units = sectors of 1 * 512 = 512 bytes
Sector size (logical/physical): 512 bytes / 512 bytes
I/O size (minimum/optimal): 512 bytes / 512 bytes

[root@kibana ~]# swapoff /dev/mapper/centos-swap
[root@kibana ~]# 
[root@kibana ~]# 
[root@kibana ~]# 
[root@kibana ~]# free -h
              total        used        free      shared  buff/cache   available
Mem:           3.7G         87M        3.5G        8.5M        117M        3.4G
Swap:            0B          0B          0B
[root@kibana ~]# lvextend -L 2G /dev/mapper/centos-swap
  Size of logical volume centos/swap changed from 1.00 GiB (256 extents) to 2.00 GiB (512 extents).
  Logical volume centos/swap successfully resized.
[root@kibana ~]# fdisk -l

Disk /dev/vda: 17.2 GB, 17179869184 bytes, 33554432 sectors
Units = sectors of 1 * 512 = 512 bytes
Sector size (logical/physical): 512 bytes / 512 bytes
I/O size (minimum/optimal): 512 bytes / 512 bytes
Disk label type: dos
Disk identifier: 0x000aeb92

   Device Boot      Start         End      Blocks   Id  System
/dev/vda1   *        2048     2099199     1048576   83  Linux
/dev/vda2         2099200    20971519     9436160   8e  Linux LVM
/dev/vda3        20971520    33554431     6291456   8e  Linux LVM

Disk /dev/mapper/centos-root: 8585 MB, 8585740288 bytes, 16769024 sectors
Units = sectors of 1 * 512 = 512 bytes
Sector size (logical/physical): 512 bytes / 512 bytes
I/O size (minimum/optimal): 512 bytes / 512 bytes


Disk /dev/mapper/centos-swap: 2147 MB, 2147483648 bytes, 4194304 sectors
Units = sectors of 1 * 512 = 512 bytes
Sector size (logical/physical): 512 bytes / 512 bytes
I/O size (minimum/optimal): 512 bytes / 512 bytes

[root@kibana ~]# lvextend -L +1G /dev/mapper/centos-swap
  Size of logical volume centos/swap changed from 2.00 GiB (512 extents) to 3.00 GiB (768 extents).
  Logical volume centos/swap successfully resized.
[root@kibana ~]# fdisk -l

Disk /dev/vda: 17.2 GB, 17179869184 bytes, 33554432 sectors
Units = sectors of 1 * 512 = 512 bytes
Sector size (logical/physical): 512 bytes / 512 bytes
I/O size (minimum/optimal): 512 bytes / 512 bytes
Disk label type: dos
Disk identifier: 0x000aeb92

   Device Boot      Start         End      Blocks   Id  System
/dev/vda1   *        2048     2099199     1048576   83  Linux
/dev/vda2         2099200    20971519     9436160   8e  Linux LVM
/dev/vda3        20971520    33554431     6291456   8e  Linux LVM

Disk /dev/mapper/centos-root: 8585 MB, 8585740288 bytes, 16769024 sectors
Units = sectors of 1 * 512 = 512 bytes
Sector size (logical/physical): 512 bytes / 512 bytes
I/O size (minimum/optimal): 512 bytes / 512 bytes


Disk /dev/mapper/centos-swap: 3221 MB, 3221225472 bytes, 6291456 sectors
Units = sectors of 1 * 512 = 512 bytes
Sector size (logical/physical): 512 bytes / 512 bytes
I/O size (minimum/optimal): 512 bytes / 512 bytes

[root@kibana ~]#    
[root@kibana ~]# mkswap /dev/mapper/centos-swap
mkswap: /dev/mapper/centos-swap: warning: wiping old swap signature.
Setting up swapspace version 1, size = 3145724 KiB
no label, UUID=e9e80f0c-3b42-428a-a734-2f4017a6f4d8
[root@kibana ~]# swapon /dev/mapper/centos-swap
[root@kibana ~]# free -h
              total        used        free      shared  buff/cache   available
Mem:           3.7G         89M        3.5G        8.5M        117M        3.4G
Swap:          3.0G          0B        3.0G
[root@kibana ~]# 
~~~
